<?xml version="1.0" encoding="ISO-8859-1" ?>
<link_info>
   <banner>TI ARM Clang Linker Unix v4.0.0.LTS</banner>
   <copyright>Copyright (c) 1996-2018 Texas Instruments Incorporated</copyright>
   <command_line>/home/sofa/ti/ccstheia151/ccs/tools/compiler/ti-cgt-armllvm_4.0.0.LTS/bin/tiarmlnk -I/home/sofa/ti/ccstheia151/ccs/tools/compiler/ti-cgt-armllvm_4.0.0.LTS/lib -o lab6.out -mlab6.map --heap_size=0x800 --stack_size=512 -i/home/sofa/ti/mspm0_sdk_2_03_00_07/source -i/home/sofa/Assembly_And_C/lab6 -i/home/sofa/Assembly_And_C/lab6/Debug/syscfg -i/home/sofa/ti/ccstheia151/ccs/tools/compiler/ti-cgt-armllvm_4.0.0.LTS/lib --diag_wrap=off --display_error_number --warn_sections --xml_link_info=lab6_linkInfo.xml --rom_model ./LaunchPad.o ./adc.o ./clock.o ./lab6_main.o ./lcd1602.o ./spi.o ./uart.o ./ticlang/startup_mspm0g3507_ticlang.o ../mspm0g3507.cmd -llibc.a --start-group -llibc++.a -llibc++abi.a -llibc.a -llibsys.a -llibsysbm.a -llibclang_rt.builtins.a -llibclang_rt.profile.a --end-group --cg_opt_level=0</command_line>
   <link_time>0x67e240c6</link_time>
   <link_errors>0x0</link_errors>
   <output_file>/home/sofa/Assembly_And_C/lab6/Debug/lab6.out</output_file>
   <entry_point>
      <name>_c_int00_noargs</name>
      <address>0x13bd</address>
   </entry_point>
   <input_file_list>
      <input_file id="fl-1">
         <path>/home/sofa/Assembly_And_C/lab6/Debug/./</path>
         <kind>object</kind>
         <file>LaunchPad.o</file>
         <name>LaunchPad.o</name>
      </input_file>
      <input_file id="fl-2">
         <path>/home/sofa/Assembly_And_C/lab6/Debug/./</path>
         <kind>object</kind>
         <file>adc.o</file>
         <name>adc.o</name>
      </input_file>
      <input_file id="fl-3">
         <path>/home/sofa/Assembly_And_C/lab6/Debug/./</path>
         <kind>object</kind>
         <file>clock.o</file>
         <name>clock.o</name>
      </input_file>
      <input_file id="fl-4">
         <path>/home/sofa/Assembly_And_C/lab6/Debug/./</path>
         <kind>object</kind>
         <file>lab6_main.o</file>
         <name>lab6_main.o</name>
      </input_file>
      <input_file id="fl-5">
         <path>/home/sofa/Assembly_And_C/lab6/Debug/./</path>
         <kind>object</kind>
         <file>lcd1602.o</file>
         <name>lcd1602.o</name>
      </input_file>
      <input_file id="fl-6">
         <path>/home/sofa/Assembly_And_C/lab6/Debug/./</path>
         <kind>object</kind>
         <file>spi.o</file>
         <name>spi.o</name>
      </input_file>
      <input_file id="fl-7">
         <path>/home/sofa/Assembly_And_C/lab6/Debug/./</path>
         <kind>object</kind>
         <file>uart.o</file>
         <name>uart.o</name>
      </input_file>
      <input_file id="fl-8">
         <path>/home/sofa/Assembly_And_C/lab6/Debug/./ticlang/</path>
         <kind>object</kind>
         <file>startup_mspm0g3507_ticlang.o</file>
         <name>startup_mspm0g3507_ticlang.o</name>
      </input_file>
      <input_file id="fl-13">
         <path>/home/sofa/Assembly_And_C/lab6/Debug/</path>
         <kind>object</kind>
         <file>&lt;internal&gt;</file>
         <name>&lt;internal&gt;</name>
      </input_file>
      <input_file id="fl-28">
         <path>/home/sofa/ti/ccstheia151/ccs/tools/compiler/ti-cgt-armllvm_4.0.0.LTS/lib/armv6m-ti-none-eabi/c/</path>
         <kind>archive</kind>
         <file>libc.a</file>
         <name>e_powf.c.obj</name>
      </input_file>
      <input_file id="fl-29">
         <path>/home/sofa/ti/ccstheia151/ccs/tools/compiler/ti-cgt-armllvm_4.0.0.LTS/lib/armv6m-ti-none-eabi/c/</path>
         <kind>archive</kind>
         <file>libc.a</file>
         <name>e_sqrtf.c.obj</name>
      </input_file>
      <input_file id="fl-2a">
         <path>/home/sofa/ti/ccstheia151/ccs/tools/compiler/ti-cgt-armllvm_4.0.0.LTS/lib/armv6m-ti-none-eabi/c/</path>
         <kind>archive</kind>
         <file>libc.a</file>
         <name>s_scalbnf.c.obj</name>
      </input_file>
      <input_file id="fl-2b">
         <path>/home/sofa/ti/ccstheia151/ccs/tools/compiler/ti-cgt-armllvm_4.0.0.LTS/lib/armv6m-ti-none-eabi/c/</path>
         <kind>archive</kind>
         <file>libc.a</file>
         <name>aeabi_portable.c.obj</name>
      </input_file>
      <input_file id="fl-2c">
         <path>/home/sofa/ti/ccstheia151/ccs/tools/compiler/ti-cgt-armllvm_4.0.0.LTS/lib/armv6m-ti-none-eabi/c/</path>
         <kind>archive</kind>
         <file>libc.a</file>
         <name>assert.c.obj</name>
      </input_file>
      <input_file id="fl-2d">
         <path>/home/sofa/ti/ccstheia151/ccs/tools/compiler/ti-cgt-armllvm_4.0.0.LTS/lib/armv6m-ti-none-eabi/c/</path>
         <kind>archive</kind>
         <file>libc.a</file>
         <name>defs.c.obj</name>
      </input_file>
      <input_file id="fl-2e">
         <path>/home/sofa/ti/ccstheia151/ccs/tools/compiler/ti-cgt-armllvm_4.0.0.LTS/lib/armv6m-ti-none-eabi/c/</path>
         <kind>archive</kind>
         <file>libc.a</file>
         <name>memory.c.obj</name>
      </input_file>
      <input_file id="fl-2f">
         <path>/home/sofa/ti/ccstheia151/ccs/tools/compiler/ti-cgt-armllvm_4.0.0.LTS/lib/armv6m-ti-none-eabi/c/</path>
         <kind>archive</kind>
         <file>libc.a</file>
         <name>copy_zero_init.c.obj</name>
      </input_file>
      <input_file id="fl-30">
         <path>/home/sofa/ti/ccstheia151/ccs/tools/compiler/ti-cgt-armllvm_4.0.0.LTS/lib/armv6m-ti-none-eabi/c/</path>
         <kind>archive</kind>
         <file>libc.a</file>
         <name>copy_decompress_none.c.obj</name>
      </input_file>
      <input_file id="fl-31">
         <path>/home/sofa/ti/ccstheia151/ccs/tools/compiler/ti-cgt-armllvm_4.0.0.LTS/lib/armv6m-ti-none-eabi/c/</path>
         <kind>archive</kind>
         <file>libc.a</file>
         <name>copy_decompress_lzss.c.obj</name>
      </input_file>
      <input_file id="fl-32">
         <path>/home/sofa/ti/ccstheia151/ccs/tools/compiler/ti-cgt-armllvm_4.0.0.LTS/lib/armv6m-ti-none-eabi/c/</path>
         <kind>archive</kind>
         <file>libc.a</file>
         <name>boot_cortex_m.c.obj</name>
      </input_file>
      <input_file id="fl-33">
         <path>/home/sofa/ti/ccstheia151/ccs/tools/compiler/ti-cgt-armllvm_4.0.0.LTS/lib/armv6m-ti-none-eabi/c/</path>
         <kind>archive</kind>
         <file>libc.a</file>
         <name>mathacl_init.c.obj</name>
      </input_file>
      <input_file id="fl-34">
         <path>/home/sofa/ti/ccstheia151/ccs/tools/compiler/ti-cgt-armllvm_4.0.0.LTS/lib/armv6m-ti-none-eabi/c/</path>
         <kind>archive</kind>
         <file>libc.a</file>
         <name>sprintf.c.obj</name>
      </input_file>
      <input_file id="fl-35">
         <path>/home/sofa/ti/ccstheia151/ccs/tools/compiler/ti-cgt-armllvm_4.0.0.LTS/lib/armv6m-ti-none-eabi/c/</path>
         <kind>archive</kind>
         <file>libc.a</file>
         <name>fflush.c.obj</name>
      </input_file>
      <input_file id="fl-36">
         <path>/home/sofa/ti/ccstheia151/ccs/tools/compiler/ti-cgt-armllvm_4.0.0.LTS/lib/armv6m-ti-none-eabi/c/</path>
         <kind>archive</kind>
         <file>libc.a</file>
         <name>fputs.c.obj</name>
      </input_file>
      <input_file id="fl-37">
         <path>/home/sofa/ti/ccstheia151/ccs/tools/compiler/ti-cgt-armllvm_4.0.0.LTS/lib/armv6m-ti-none-eabi/c/</path>
         <kind>archive</kind>
         <file>libc.a</file>
         <name>_io_perm.c.obj</name>
      </input_file>
      <input_file id="fl-38">
         <path>/home/sofa/ti/ccstheia151/ccs/tools/compiler/ti-cgt-armllvm_4.0.0.LTS/lib/armv6m-ti-none-eabi/c/</path>
         <kind>archive</kind>
         <file>libc.a</file>
         <name>setvbuf.c.obj</name>
      </input_file>
      <input_file id="fl-39">
         <path>/home/sofa/ti/ccstheia151/ccs/tools/compiler/ti-cgt-armllvm_4.0.0.LTS/lib/armv6m-ti-none-eabi/c/</path>
         <kind>archive</kind>
         <file>libc.a</file>
         <name>exit.c.obj</name>
      </input_file>
      <input_file id="fl-3a">
         <path>/home/sofa/ti/ccstheia151/ccs/tools/compiler/ti-cgt-armllvm_4.0.0.LTS/lib/armv6m-ti-none-eabi/c/</path>
         <kind>archive</kind>
         <file>libc.a</file>
         <name>_lock.c.obj</name>
      </input_file>
      <input_file id="fl-3b">
         <path>/home/sofa/ti/ccstheia151/ccs/tools/compiler/ti-cgt-armllvm_4.0.0.LTS/lib/armv6m-ti-none-eabi/c/</path>
         <kind>archive</kind>
         <file>libc.a</file>
         <name>args_main.c.obj</name>
      </input_file>
      <input_file id="fl-3c">
         <path>/home/sofa/ti/ccstheia151/ccs/tools/compiler/ti-cgt-armllvm_4.0.0.LTS/lib/armv6m-ti-none-eabi/c/</path>
         <kind>archive</kind>
         <file>libc.a</file>
         <name>autoinit.c.obj</name>
      </input_file>
      <input_file id="fl-3d">
         <path>/home/sofa/ti/ccstheia151/ccs/tools/compiler/ti-cgt-armllvm_4.0.0.LTS/lib/armv6m-ti-none-eabi/c/</path>
         <kind>archive</kind>
         <file>libc.a</file>
         <name>pre_init.c.obj</name>
      </input_file>
      <input_file id="fl-3e">
         <path>/home/sofa/ti/ccstheia151/ccs/tools/compiler/ti-cgt-armllvm_4.0.0.LTS/lib/armv6m-ti-none-eabi/c/</path>
         <kind>archive</kind>
         <file>libc.a</file>
         <name>cpy_tbl.c.obj</name>
      </input_file>
      <input_file id="fl-3f">
         <path>/home/sofa/ti/ccstheia151/ccs/tools/compiler/ti-cgt-armllvm_4.0.0.LTS/lib/armv6m-ti-none-eabi/c/</path>
         <kind>archive</kind>
         <file>libc.a</file>
         <name>_printfi.c.obj</name>
      </input_file>
      <input_file id="fl-40">
         <path>/home/sofa/ti/ccstheia151/ccs/tools/compiler/ti-cgt-armllvm_4.0.0.LTS/lib/armv6m-ti-none-eabi/c/</path>
         <kind>archive</kind>
         <file>libc.a</file>
         <name>fopen.c.obj</name>
      </input_file>
      <input_file id="fl-41">
         <path>/home/sofa/ti/ccstheia151/ccs/tools/compiler/ti-cgt-armllvm_4.0.0.LTS/lib/armv6m-ti-none-eabi/c/</path>
         <kind>archive</kind>
         <file>libc.a</file>
         <name>fseek.c.obj</name>
      </input_file>
      <input_file id="fl-42">
         <path>/home/sofa/ti/ccstheia151/ccs/tools/compiler/ti-cgt-armllvm_4.0.0.LTS/lib/armv6m-ti-none-eabi/c/</path>
         <kind>archive</kind>
         <file>libc.a</file>
         <name>_ltoa.c.obj</name>
      </input_file>
      <input_file id="fl-43">
         <path>/home/sofa/ti/ccstheia151/ccs/tools/compiler/ti-cgt-armllvm_4.0.0.LTS/lib/armv6m-ti-none-eabi/c/</path>
         <kind>archive</kind>
         <file>libc.a</file>
         <name>atoi.c.obj</name>
      </input_file>
      <input_file id="fl-44">
         <path>/home/sofa/ti/ccstheia151/ccs/tools/compiler/ti-cgt-armllvm_4.0.0.LTS/lib/armv6m-ti-none-eabi/c/</path>
         <kind>archive</kind>
         <file>libc.a</file>
         <name>memccpy.c.obj</name>
      </input_file>
      <input_file id="fl-45">
         <path>/home/sofa/ti/ccstheia151/ccs/tools/compiler/ti-cgt-armllvm_4.0.0.LTS/lib/armv6m-ti-none-eabi/c/</path>
         <kind>archive</kind>
         <file>libc.a</file>
         <name>s_frexp.c.obj</name>
      </input_file>
      <input_file id="fl-46">
         <path>/home/sofa/ti/ccstheia151/ccs/tools/compiler/ti-cgt-armllvm_4.0.0.LTS/lib/armv6m-ti-none-eabi/c/</path>
         <kind>archive</kind>
         <file>libc.a</file>
         <name>s_scalbn.c.obj</name>
      </input_file>
      <input_file id="fl-47">
         <path>/home/sofa/ti/ccstheia151/ccs/tools/compiler/ti-cgt-armllvm_4.0.0.LTS/lib/armv6m-ti-none-eabi/c/</path>
         <kind>archive</kind>
         <file>libc.a</file>
         <name>wcslen.c.obj</name>
      </input_file>
      <input_file id="fl-48">
         <path>/home/sofa/ti/ccstheia151/ccs/tools/compiler/ti-cgt-armllvm_4.0.0.LTS/lib/armv6m-ti-none-eabi/c/</path>
         <kind>archive</kind>
         <file>libc.a</file>
         <name>fclose.c.obj</name>
      </input_file>
      <input_file id="fl-49">
         <path>/home/sofa/ti/ccstheia151/ccs/tools/compiler/ti-cgt-armllvm_4.0.0.LTS/lib/armv6m-ti-none-eabi/c/</path>
         <kind>archive</kind>
         <file>libc.a</file>
         <name>aeabi_ctype.S.obj</name>
      </input_file>
      <input_file id="fl-df">
         <path>/home/sofa/ti/ccstheia151/ccs/tools/compiler/ti-cgt-armllvm_4.0.0.LTS/lib/armv6m-ti-none-eabi/c/</path>
         <kind>archive</kind>
         <file>libsysbm.a</file>
         <name>write.c.obj</name>
      </input_file>
      <input_file id="fl-e0">
         <path>/home/sofa/ti/ccstheia151/ccs/tools/compiler/ti-cgt-armllvm_4.0.0.LTS/lib/armv6m-ti-none-eabi/c/</path>
         <kind>archive</kind>
         <file>libsysbm.a</file>
         <name>host_device.c.obj</name>
      </input_file>
      <input_file id="fl-e1">
         <path>/home/sofa/ti/ccstheia151/ccs/tools/compiler/ti-cgt-armllvm_4.0.0.LTS/lib/armv6m-ti-none-eabi/c/</path>
         <kind>archive</kind>
         <file>libsysbm.a</file>
         <name>remove.c.obj</name>
      </input_file>
      <input_file id="fl-e2">
         <path>/home/sofa/ti/ccstheia151/ccs/tools/compiler/ti-cgt-armllvm_4.0.0.LTS/lib/armv6m-ti-none-eabi/c/</path>
         <kind>archive</kind>
         <file>libsysbm.a</file>
         <name>open.c.obj</name>
      </input_file>
      <input_file id="fl-e3">
         <path>/home/sofa/ti/ccstheia151/ccs/tools/compiler/ti-cgt-armllvm_4.0.0.LTS/lib/armv6m-ti-none-eabi/c/</path>
         <kind>archive</kind>
         <file>libsysbm.a</file>
         <name>lseek.c.obj</name>
      </input_file>
      <input_file id="fl-e4">
         <path>/home/sofa/ti/ccstheia151/ccs/tools/compiler/ti-cgt-armllvm_4.0.0.LTS/lib/armv6m-ti-none-eabi/c/</path>
         <kind>archive</kind>
         <file>libsysbm.a</file>
         <name>close.c.obj</name>
      </input_file>
      <input_file id="fl-e5">
         <path>/home/sofa/ti/ccstheia151/ccs/tools/compiler/ti-cgt-armllvm_4.0.0.LTS/lib/armv6m-ti-none-eabi/c/</path>
         <kind>archive</kind>
         <file>libsysbm.a</file>
         <name>unlink.c.obj</name>
      </input_file>
      <input_file id="fl-e6">
         <path>/home/sofa/ti/ccstheia151/ccs/tools/compiler/ti-cgt-armllvm_4.0.0.LTS/lib/armv6m-ti-none-eabi/c/</path>
         <kind>archive</kind>
         <file>libsysbm.a</file>
         <name>hostclose.c.obj</name>
      </input_file>
      <input_file id="fl-e7">
         <path>/home/sofa/ti/ccstheia151/ccs/tools/compiler/ti-cgt-armllvm_4.0.0.LTS/lib/armv6m-ti-none-eabi/c/</path>
         <kind>archive</kind>
         <file>libsysbm.a</file>
         <name>hostlseek.c.obj</name>
      </input_file>
      <input_file id="fl-e8">
         <path>/home/sofa/ti/ccstheia151/ccs/tools/compiler/ti-cgt-armllvm_4.0.0.LTS/lib/armv6m-ti-none-eabi/c/</path>
         <kind>archive</kind>
         <file>libsysbm.a</file>
         <name>hostopen.c.obj</name>
      </input_file>
      <input_file id="fl-e9">
         <path>/home/sofa/ti/ccstheia151/ccs/tools/compiler/ti-cgt-armllvm_4.0.0.LTS/lib/armv6m-ti-none-eabi/c/</path>
         <kind>archive</kind>
         <file>libsysbm.a</file>
         <name>hostread.c.obj</name>
      </input_file>
      <input_file id="fl-ea">
         <path>/home/sofa/ti/ccstheia151/ccs/tools/compiler/ti-cgt-armllvm_4.0.0.LTS/lib/armv6m-ti-none-eabi/c/</path>
         <kind>archive</kind>
         <file>libsysbm.a</file>
         <name>hostrename.c.obj</name>
      </input_file>
      <input_file id="fl-eb">
         <path>/home/sofa/ti/ccstheia151/ccs/tools/compiler/ti-cgt-armllvm_4.0.0.LTS/lib/armv6m-ti-none-eabi/c/</path>
         <kind>archive</kind>
         <file>libsysbm.a</file>
         <name>hostunlink.c.obj</name>
      </input_file>
      <input_file id="fl-ec">
         <path>/home/sofa/ti/ccstheia151/ccs/tools/compiler/ti-cgt-armllvm_4.0.0.LTS/lib/armv6m-ti-none-eabi/c/</path>
         <kind>archive</kind>
         <file>libsysbm.a</file>
         <name>hostwrite.c.obj</name>
      </input_file>
      <input_file id="fl-ed">
         <path>/home/sofa/ti/ccstheia151/ccs/tools/compiler/ti-cgt-armllvm_4.0.0.LTS/lib/armv6m-ti-none-eabi/c/</path>
         <kind>archive</kind>
         <file>libsysbm.a</file>
         <name>trgmsg.c.obj</name>
      </input_file>
      <input_file id="fl-ee">
         <path>/home/sofa/ti/ccstheia151/ccs/tools/compiler/ti-cgt-armllvm_4.0.0.LTS/lib/armv6m-ti-none-eabi/</path>
         <kind>archive</kind>
         <file>libclang_rt.builtins.a</file>
         <name>addsf3.S.obj</name>
      </input_file>
      <input_file id="fl-ef">
         <path>/home/sofa/ti/ccstheia151/ccs/tools/compiler/ti-cgt-armllvm_4.0.0.LTS/lib/armv6m-ti-none-eabi/</path>
         <kind>archive</kind>
         <file>libclang_rt.builtins.a</file>
         <name>adddf3.S.obj</name>
      </input_file>
      <input_file id="fl-f0">
         <path>/home/sofa/ti/ccstheia151/ccs/tools/compiler/ti-cgt-armllvm_4.0.0.LTS/lib/armv6m-ti-none-eabi/</path>
         <kind>archive</kind>
         <file>libclang_rt.builtins.a</file>
         <name>muldf3.S.obj</name>
      </input_file>
      <input_file id="fl-f1">
         <path>/home/sofa/ti/ccstheia151/ccs/tools/compiler/ti-cgt-armllvm_4.0.0.LTS/lib/armv6m-ti-none-eabi/</path>
         <kind>archive</kind>
         <file>libclang_rt.builtins.a</file>
         <name>muldsi3.S.obj</name>
      </input_file>
      <input_file id="fl-f2">
         <path>/home/sofa/ti/ccstheia151/ccs/tools/compiler/ti-cgt-armllvm_4.0.0.LTS/lib/armv6m-ti-none-eabi/</path>
         <kind>archive</kind>
         <file>libclang_rt.builtins.a</file>
         <name>mulsf3.S.obj</name>
      </input_file>
      <input_file id="fl-f3">
         <path>/home/sofa/ti/ccstheia151/ccs/tools/compiler/ti-cgt-armllvm_4.0.0.LTS/lib/armv6m-ti-none-eabi/</path>
         <kind>archive</kind>
         <file>libclang_rt.builtins.a</file>
         <name>divsf3.S.obj</name>
      </input_file>
      <input_file id="fl-f4">
         <path>/home/sofa/ti/ccstheia151/ccs/tools/compiler/ti-cgt-armllvm_4.0.0.LTS/lib/armv6m-ti-none-eabi/</path>
         <kind>archive</kind>
         <file>libclang_rt.builtins.a</file>
         <name>divdf3.S.obj</name>
      </input_file>
      <input_file id="fl-f5">
         <path>/home/sofa/ti/ccstheia151/ccs/tools/compiler/ti-cgt-armllvm_4.0.0.LTS/lib/armv6m-ti-none-eabi/</path>
         <kind>archive</kind>
         <file>libclang_rt.builtins.a</file>
         <name>extendsfdf2.S.obj</name>
      </input_file>
      <input_file id="fl-f6">
         <path>/home/sofa/ti/ccstheia151/ccs/tools/compiler/ti-cgt-armllvm_4.0.0.LTS/lib/armv6m-ti-none-eabi/</path>
         <kind>archive</kind>
         <file>libclang_rt.builtins.a</file>
         <name>fixdfsi.S.obj</name>
      </input_file>
      <input_file id="fl-f7">
         <path>/home/sofa/ti/ccstheia151/ccs/tools/compiler/ti-cgt-armllvm_4.0.0.LTS/lib/armv6m-ti-none-eabi/</path>
         <kind>archive</kind>
         <file>libclang_rt.builtins.a</file>
         <name>fixunsdfsi.S.obj</name>
      </input_file>
      <input_file id="fl-f8">
         <path>/home/sofa/ti/ccstheia151/ccs/tools/compiler/ti-cgt-armllvm_4.0.0.LTS/lib/armv6m-ti-none-eabi/</path>
         <kind>archive</kind>
         <file>libclang_rt.builtins.a</file>
         <name>floatsidf.S.obj</name>
      </input_file>
      <input_file id="fl-f9">
         <path>/home/sofa/ti/ccstheia151/ccs/tools/compiler/ti-cgt-armllvm_4.0.0.LTS/lib/armv6m-ti-none-eabi/</path>
         <kind>archive</kind>
         <file>libclang_rt.builtins.a</file>
         <name>floatsisf.S.obj</name>
      </input_file>
      <input_file id="fl-fa">
         <path>/home/sofa/ti/ccstheia151/ccs/tools/compiler/ti-cgt-armllvm_4.0.0.LTS/lib/armv6m-ti-none-eabi/</path>
         <kind>archive</kind>
         <file>libclang_rt.builtins.a</file>
         <name>floatunsidf.S.obj</name>
      </input_file>
      <input_file id="fl-fb">
         <path>/home/sofa/ti/ccstheia151/ccs/tools/compiler/ti-cgt-armllvm_4.0.0.LTS/lib/armv6m-ti-none-eabi/</path>
         <kind>archive</kind>
         <file>libclang_rt.builtins.a</file>
         <name>muldi3.S.obj</name>
      </input_file>
      <input_file id="fl-fc">
         <path>/home/sofa/ti/ccstheia151/ccs/tools/compiler/ti-cgt-armllvm_4.0.0.LTS/lib/armv6m-ti-none-eabi/</path>
         <kind>archive</kind>
         <file>libclang_rt.builtins.a</file>
         <name>truncdfsf2.S.obj</name>
      </input_file>
      <input_file id="fl-fd">
         <path>/home/sofa/ti/ccstheia151/ccs/tools/compiler/ti-cgt-armllvm_4.0.0.LTS/lib/armv6m-ti-none-eabi/</path>
         <kind>archive</kind>
         <file>libclang_rt.builtins.a</file>
         <name>aeabi_dcmp.S.obj</name>
      </input_file>
      <input_file id="fl-fe">
         <path>/home/sofa/ti/ccstheia151/ccs/tools/compiler/ti-cgt-armllvm_4.0.0.LTS/lib/armv6m-ti-none-eabi/</path>
         <kind>archive</kind>
         <file>libclang_rt.builtins.a</file>
         <name>aeabi_fcmp.S.obj</name>
      </input_file>
      <input_file id="fl-ff">
         <path>/home/sofa/ti/ccstheia151/ccs/tools/compiler/ti-cgt-armllvm_4.0.0.LTS/lib/armv6m-ti-none-eabi/</path>
         <kind>archive</kind>
         <file>libclang_rt.builtins.a</file>
         <name>aeabi_idivmod.S.obj</name>
      </input_file>
      <input_file id="fl-100">
         <path>/home/sofa/ti/ccstheia151/ccs/tools/compiler/ti-cgt-armllvm_4.0.0.LTS/lib/armv6m-ti-none-eabi/</path>
         <kind>archive</kind>
         <file>libclang_rt.builtins.a</file>
         <name>aeabi_memcpy.S.obj</name>
      </input_file>
      <input_file id="fl-101">
         <path>/home/sofa/ti/ccstheia151/ccs/tools/compiler/ti-cgt-armllvm_4.0.0.LTS/lib/armv6m-ti-none-eabi/</path>
         <kind>archive</kind>
         <file>libclang_rt.builtins.a</file>
         <name>aeabi_memset.S.obj</name>
      </input_file>
      <input_file id="fl-102">
         <path>/home/sofa/ti/ccstheia151/ccs/tools/compiler/ti-cgt-armllvm_4.0.0.LTS/lib/armv6m-ti-none-eabi/</path>
         <kind>archive</kind>
         <file>libclang_rt.builtins.a</file>
         <name>aeabi_uidivmod.S.obj</name>
      </input_file>
      <input_file id="fl-103">
         <path>/home/sofa/ti/ccstheia151/ccs/tools/compiler/ti-cgt-armllvm_4.0.0.LTS/lib/armv6m-ti-none-eabi/</path>
         <kind>archive</kind>
         <file>libclang_rt.builtins.a</file>
         <name>aeabi_uldivmod.S.obj</name>
      </input_file>
      <input_file id="fl-104">
         <path>/home/sofa/ti/ccstheia151/ccs/tools/compiler/ti-cgt-armllvm_4.0.0.LTS/lib/armv6m-ti-none-eabi/</path>
         <kind>archive</kind>
         <file>libclang_rt.builtins.a</file>
         <name>comparesf2.S.obj</name>
      </input_file>
      <input_file id="fl-105">
         <path>/home/sofa/ti/ccstheia151/ccs/tools/compiler/ti-cgt-armllvm_4.0.0.LTS/lib/armv6m-ti-none-eabi/</path>
         <kind>archive</kind>
         <file>libclang_rt.builtins.a</file>
         <name>udivmoddi4.S.obj</name>
      </input_file>
      <input_file id="fl-106">
         <path>/home/sofa/ti/ccstheia151/ccs/tools/compiler/ti-cgt-armllvm_4.0.0.LTS/lib/armv6m-ti-none-eabi/</path>
         <kind>archive</kind>
         <file>libclang_rt.builtins.a</file>
         <name>ashldi3.S.obj</name>
      </input_file>
      <input_file id="fl-107">
         <path>/home/sofa/ti/ccstheia151/ccs/tools/compiler/ti-cgt-armllvm_4.0.0.LTS/lib/armv6m-ti-none-eabi/</path>
         <kind>archive</kind>
         <file>libclang_rt.builtins.a</file>
         <name>comparedf2.c.obj</name>
      </input_file>
      <input_file id="fl-108">
         <path>/home/sofa/ti/ccstheia151/ccs/tools/compiler/ti-cgt-armllvm_4.0.0.LTS/lib/armv6m-ti-none-eabi/</path>
         <kind>archive</kind>
         <file>libclang_rt.builtins.a</file>
         <name>aeabi_div0.c.obj</name>
      </input_file>
      <input_file id="fl-109">
         <path>/home/sofa/ti/ccstheia151/ccs/tools/compiler/ti-cgt-armllvm_4.0.0.LTS/lib/armv6m-ti-none-eabi/c/</path>
         <kind>archive</kind>
         <file>libc.a</file>
         <name>getdevice.c.obj</name>
      </input_file>
      <input_file id="fl-10a">
         <path>/home/sofa/ti/ccstheia151/ccs/tools/compiler/ti-cgt-armllvm_4.0.0.LTS/lib/armv6m-ti-none-eabi/c/</path>
         <kind>archive</kind>
         <file>libc.a</file>
         <name>memcpy16.S.obj</name>
      </input_file>
      <input_file id="fl-10b">
         <path>/home/sofa/ti/ccstheia151/ccs/tools/compiler/ti-cgt-armllvm_4.0.0.LTS/lib/armv6m-ti-none-eabi/c/</path>
         <kind>archive</kind>
         <file>libc.a</file>
         <name>memset16.S.obj</name>
      </input_file>
      <input_file id="fl-10c">
         <path>/home/sofa/ti/ccstheia151/ccs/tools/compiler/ti-cgt-armllvm_4.0.0.LTS/lib/armv6m-ti-none-eabi/c/</path>
         <kind>archive</kind>
         <file>libc.a</file>
         <name>strcmp-armv6m.S.obj</name>
      </input_file>
   </input_file_list>
   <object_component_list>
      <object_component id="oc-18">
         <name>.intvecs</name>
         <load_address>0x0</load_address>
         <readonly>true</readonly>
         <run_address>0x0</run_address>
         <size>0xc0</size>
         <alignment>0x4</alignment>
         <input_file_ref idref="fl-8"/>
      </object_component>
      <object_component id="oc-84">
         <name>.text.clock_init_40mhz</name>
         <load_address>0xc0</load_address>
         <readonly>true</readonly>
         <executable>true</executable>
         <run_address>0xc0</run_address>
         <size>0x168</size>
         <alignment>0x4</alignment>
         <input_file_ref idref="fl-3"/>
      </object_component>
      <object_component id="oc-9d">
         <name>.text.run_lab6_part4</name>
         <load_address>0x228</load_address>
         <readonly>true</readonly>
         <executable>true</executable>
         <run_address>0x228</run_address>
         <size>0x150</size>
         <alignment>0x4</alignment>
         <input_file_ref idref="fl-4"/>
      </object_component>
      <object_component id="oc-8e">
         <name>.text.seg7_init</name>
         <load_address>0x378</load_address>
         <readonly>true</readonly>
         <executable>true</executable>
         <run_address>0x378</run_address>
         <size>0x10c</size>
         <alignment>0x4</alignment>
         <input_file_ref idref="fl-1"/>
      </object_component>
      <object_component id="oc-da">
         <name>.text.seg7_disable</name>
         <load_address>0x484</load_address>
         <readonly>true</readonly>
         <executable>true</executable>
         <run_address>0x484</run_address>
         <size>0x104</size>
         <alignment>0x4</alignment>
         <input_file_ref idref="fl-1"/>
      </object_component>
      <object_component id="oc-fb">
         <name>.text.write_keycol_data</name>
         <load_address>0x588</load_address>
         <readonly>true</readonly>
         <executable>true</executable>
         <run_address>0x588</run_address>
         <size>0xdc</size>
         <alignment>0x4</alignment>
         <input_file_ref idref="fl-1"/>
      </object_component>
      <object_component id="oc-97">
         <name>.text.keypad_init</name>
         <load_address>0x664</load_address>
         <readonly>true</readonly>
         <executable>true</executable>
         <run_address>0x664</run_address>
         <size>0xd0</size>
         <alignment>0x4</alignment>
         <input_file_ref idref="fl-1"/>
      </object_component>
      <object_component id="oc-c7">
         <name>.text.leds_off</name>
         <load_address>0x734</load_address>
         <readonly>true</readonly>
         <executable>true</executable>
         <run_address>0x734</run_address>
         <size>0xd0</size>
         <alignment>0x4</alignment>
         <input_file_ref idref="fl-1"/>
      </object_component>
      <object_component id="oc-9c">
         <name>.text.run_lab6_part3</name>
         <load_address>0x804</load_address>
         <readonly>true</readonly>
         <executable>true</executable>
         <run_address>0x804</run_address>
         <size>0xcc</size>
         <alignment>0x4</alignment>
         <input_file_ref idref="fl-4"/>
      </object_component>
      <object_component id="oc-91">
         <name>.text.lcd1602_init</name>
         <load_address>0x8d0</load_address>
         <readonly>true</readonly>
         <executable>true</executable>
         <run_address>0x8d0</run_address>
         <size>0xc4</size>
         <alignment>0x4</alignment>
         <input_file_ref idref="fl-5"/>
      </object_component>
      <object_component id="oc-cf">
         <name>.text.lcd1602_write</name>
         <load_address>0x994</load_address>
         <readonly>true</readonly>
         <executable>true</executable>
         <run_address>0x994</run_address>
         <size>0xc0</size>
         <alignment>0x4</alignment>
         <input_file_ref idref="fl-5"/>
      </object_component>
      <object_component id="oc-90">
         <name>.text.I2C_init</name>
         <load_address>0xa54</load_address>
         <readonly>true</readonly>
         <executable>true</executable>
         <run_address>0xa54</run_address>
         <size>0xbc</size>
         <alignment>0x4</alignment>
         <input_file_ref idref="fl-1"/>
      </object_component>
      <object_component id="oc-fc">
         <name>.text.read_keyrow_data</name>
         <load_address>0xb10</load_address>
         <readonly>true</readonly>
         <executable>true</executable>
         <run_address>0xb10</run_address>
         <size>0xac</size>
         <alignment>0x4</alignment>
         <input_file_ref idref="fl-1"/>
      </object_component>
      <object_component id="oc-d7">
         <name>.text.is_pb_down</name>
         <load_address>0xbbc</load_address>
         <readonly>true</readonly>
         <executable>true</executable>
         <run_address>0xbbc</run_address>
         <size>0x9c</size>
         <alignment>0x4</alignment>
         <input_file_ref idref="fl-1"/>
      </object_component>
      <object_component id="oc-d8">
         <name>.text.is_pb_up</name>
         <load_address>0xc58</load_address>
         <readonly>true</readonly>
         <executable>true</executable>
         <run_address>0xc58</run_address>
         <size>0x9c</size>
         <alignment>0x4</alignment>
         <input_file_ref idref="fl-1"/>
      </object_component>
      <object_component id="oc-cd">
         <name>.text.I2C_send1</name>
         <load_address>0xcf4</load_address>
         <readonly>true</readonly>
         <executable>true</executable>
         <run_address>0xcf4</run_address>
         <size>0x94</size>
         <alignment>0x4</alignment>
         <input_file_ref idref="fl-1"/>
      </object_component>
      <object_component id="oc-9b">
         <name>.text.run_lab6_part2</name>
         <load_address>0xd88</load_address>
         <readonly>true</readonly>
         <executable>true</executable>
         <run_address>0xd88</run_address>
         <size>0x90</size>
         <alignment>0x4</alignment>
         <input_file_ref idref="fl-4"/>
      </object_component>
      <object_component id="oc-e2">
         <name>.text.keypad_scan</name>
         <load_address>0xe18</load_address>
         <readonly>true</readonly>
         <executable>true</executable>
         <run_address>0xe18</run_address>
         <size>0x88</size>
         <alignment>0x4</alignment>
         <input_file_ref idref="fl-1"/>
      </object_component>
      <object_component id="oc-fa">
         <name>.text.byte_to_ascii</name>
         <load_address>0xea0</load_address>
         <readonly>true</readonly>
         <executable>true</executable>
         <run_address>0xea0</run_address>
         <size>0x7c</size>
         <alignment>0x2</alignment>
         <input_file_ref idref="fl-5"/>
      </object_component>
      <object_component id="oc-1c">
         <name>.text:decompress:lzss</name>
         <load_address>0xf1c</load_address>
         <readonly>true</readonly>
         <executable>true</executable>
         <run_address>0xf1c</run_address>
         <size>0x7c</size>
         <alignment>0x4</alignment>
         <input_file_ref idref="fl-31"/>
      </object_component>
      <object_component id="oc-c8">
         <name>.text.seg7_off</name>
         <load_address>0xf98</load_address>
         <readonly>true</readonly>
         <executable>true</executable>
         <run_address>0xf98</run_address>
         <size>0x74</size>
         <alignment>0x4</alignment>
         <input_file_ref idref="fl-1"/>
      </object_component>
      <object_component id="oc-f9">
         <name>.text.quadbyte_to_ascii</name>
         <load_address>0x100c</load_address>
         <readonly>true</readonly>
         <executable>true</executable>
         <run_address>0x100c</run_address>
         <size>0x70</size>
         <alignment>0x2</alignment>
         <input_file_ref idref="fl-5"/>
      </object_component>
      <object_component id="oc-f3">
         <name>.text.I2C_fill_tx_fifo</name>
         <load_address>0x107c</load_address>
         <readonly>true</readonly>
         <executable>true</executable>
         <run_address>0x107c</run_address>
         <size>0x5c</size>
         <alignment>0x4</alignment>
         <input_file_ref idref="fl-1"/>
      </object_component>
      <object_component id="oc-6b">
         <name>.text.main</name>
         <load_address>0x10d8</load_address>
         <readonly>true</readonly>
         <executable>true</executable>
         <run_address>0x10d8</run_address>
         <size>0x5c</size>
         <alignment>0x4</alignment>
         <input_file_ref idref="fl-4"/>
      </object_component>
      <object_component id="oc-8f">
         <name>.text.dipsw_init</name>
         <load_address>0x1134</load_address>
         <readonly>true</readonly>
         <executable>true</executable>
         <run_address>0x1134</run_address>
         <size>0x4c</size>
         <alignment>0x4</alignment>
         <input_file_ref idref="fl-1"/>
      </object_component>
      <object_component id="oc-99">
         <name>.text.run_lab6_part1</name>
         <load_address>0x1180</load_address>
         <readonly>true</readonly>
         <executable>true</executable>
         <run_address>0x1180</run_address>
         <size>0x48</size>
         <alignment>0x2</alignment>
         <input_file_ref idref="fl-4"/>
      </object_component>
      <object_component id="oc-f4">
         <name>.text.__aeabi_uidivmod</name>
         <load_address>0x11c8</load_address>
         <readonly>true</readonly>
         <executable>true</executable>
         <run_address>0x11c8</run_address>
         <size>0x40</size>
         <alignment>0x4</alignment>
         <input_file_ref idref="fl-102"/>
      </object_component>
      <object_component id="oc-10f">
         <name>.text.hex_to_ascii</name>
         <load_address>0x1208</load_address>
         <readonly>true</readonly>
         <executable>true</executable>
         <run_address>0x1208</run_address>
         <size>0x3e</size>
         <alignment>0x2</alignment>
         <input_file_ref idref="fl-5"/>
      </object_component>
      <object_component id="oc-9a">
         <name>.text.pushButton_release</name>
         <load_address>0x1246</load_address>
         <readonly>true</readonly>
         <executable>true</executable>
         <run_address>0x1246</run_address>
         <size>0x3c</size>
         <alignment>0x2</alignment>
         <input_file_ref idref="fl-4"/>
      </object_component>
      <object_component id="oc-109">
         <name>.text.__aeabi_idiv0</name>
         <load_address>0x1282</load_address>
         <readonly>true</readonly>
         <executable>true</executable>
         <run_address>0x1282</run_address>
         <size>0x2</size>
         <alignment>0x2</alignment>
         <input_file_ref idref="fl-108"/>
      </object_component>
      <object_component id="oc-a8">
         <name>.text:__TI_auto_init_nobinit_nopinit</name>
         <load_address>0x1284</load_address>
         <readonly>true</readonly>
         <executable>true</executable>
         <run_address>0x1284</run_address>
         <size>0x3c</size>
         <alignment>0x4</alignment>
         <input_file_ref idref="fl-3c"/>
      </object_component>
      <object_component id="oc-89">
         <name>.text.launchpad_gpio_init</name>
         <load_address>0x12c0</load_address>
         <readonly>true</readonly>
         <executable>true</executable>
         <run_address>0x12c0</run_address>
         <size>0x38</size>
         <alignment>0x4</alignment>
         <input_file_ref idref="fl-1"/>
      </object_component>
      <object_component id="oc-e3">
         <name>.text.padPress</name>
         <load_address>0x12f8</load_address>
         <readonly>true</readonly>
         <executable>true</executable>
         <run_address>0x12f8</run_address>
         <size>0x36</size>
         <alignment>0x2</alignment>
         <input_file_ref idref="fl-4"/>
      </object_component>
      <object_component id="oc-ce">
         <name>.text.msec_delay</name>
         <load_address>0x1330</load_address>
         <readonly>true</readonly>
         <executable>true</executable>
         <run_address>0x1330</run_address>
         <size>0x34</size>
         <alignment>0x4</alignment>
         <input_file_ref idref="fl-3"/>
      </object_component>
      <object_component id="oc-db">
         <name>.text.lcd_write_quadbyte</name>
         <load_address>0x1364</load_address>
         <readonly>true</readonly>
         <executable>true</executable>
         <run_address>0x1364</run_address>
         <size>0x30</size>
         <alignment>0x4</alignment>
         <input_file_ref idref="fl-5"/>
      </object_component>
      <object_component id="oc-dc">
         <name>.text.lcd_write_byte</name>
         <load_address>0x1394</load_address>
         <readonly>true</readonly>
         <executable>true</executable>
         <run_address>0x1394</run_address>
         <size>0x28</size>
         <alignment>0x4</alignment>
         <input_file_ref idref="fl-5"/>
      </object_component>
      <object_component id="oc-52">
         <name>.text:_c_int00_noargs</name>
         <load_address>0x13bc</load_address>
         <readonly>true</readonly>
         <executable>true</executable>
         <run_address>0x13bc</run_address>
         <size>0x28</size>
         <alignment>0x4</alignment>
         <input_file_ref idref="fl-32"/>
      </object_component>
      <object_component id="oc-98">
         <name>.text.lcd_write_string</name>
         <load_address>0x13e4</load_address>
         <readonly>true</readonly>
         <executable>true</executable>
         <run_address>0x13e4</run_address>
         <size>0x24</size>
         <alignment>0x2</alignment>
         <input_file_ref idref="fl-5"/>
      </object_component>
      <object_component id="oc-d6">
         <name>.text.lcd_set_ddram_addr</name>
         <load_address>0x1408</load_address>
         <readonly>true</readonly>
         <executable>true</executable>
         <run_address>0x1408</run_address>
         <size>0x20</size>
         <alignment>0x2</alignment>
         <input_file_ref idref="fl-5"/>
      </object_component>
      <object_component id="oc-d0">
         <name>.text.lcd_set_display_on</name>
         <load_address>0x1428</load_address>
         <readonly>true</readonly>
         <executable>true</executable>
         <run_address>0x1428</run_address>
         <size>0x20</size>
         <alignment>0x4</alignment>
         <input_file_ref idref="fl-5"/>
      </object_component>
      <object_component id="oc-ff">
         <name>.text.wait_no_key_pressed</name>
         <load_address>0x1448</load_address>
         <readonly>true</readonly>
         <executable>true</executable>
         <run_address>0x1448</run_address>
         <size>0x1e</size>
         <alignment>0x2</alignment>
         <input_file_ref idref="fl-1"/>
      </object_component>
      <object_component id="oc-fe">
         <name>.text.hex_to_lcd</name>
         <load_address>0x1466</load_address>
         <readonly>true</readonly>
         <executable>true</executable>
         <run_address>0x1466</run_address>
         <size>0x1a</size>
         <alignment>0x2</alignment>
         <input_file_ref idref="fl-5"/>
      </object_component>
      <object_component id="oc-d5">
         <name>.text.lcd_write_char</name>
         <load_address>0x1480</load_address>
         <readonly>true</readonly>
         <executable>true</executable>
         <run_address>0x1480</run_address>
         <size>0x18</size>
         <alignment>0x2</alignment>
         <input_file_ref idref="fl-5"/>
      </object_component>
      <object_component id="oc-d9">
         <name>.text.led_disable</name>
         <load_address>0x1498</load_address>
         <readonly>true</readonly>
         <executable>true</executable>
         <run_address>0x1498</run_address>
         <size>0x14</size>
         <alignment>0x4</alignment>
         <input_file_ref idref="fl-1"/>
      </object_component>
      <object_component id="oc-7a">
         <name>.text:TI_memcpy_small</name>
         <load_address>0x14ac</load_address>
         <readonly>true</readonly>
         <executable>true</executable>
         <run_address>0x14ac</run_address>
         <size>0x12</size>
         <alignment>0x1</alignment>
         <input_file_ref idref="fl-10a"/>
      </object_component>
      <object_component id="oc-20">
         <name>.text:decompress:none</name>
         <load_address>0x14be</load_address>
         <readonly>true</readonly>
         <executable>true</executable>
         <run_address>0x14be</run_address>
         <size>0x12</size>
         <alignment>0x2</alignment>
         <input_file_ref idref="fl-30"/>
      </object_component>
      <object_component id="oc-c4">
         <name>.text.clock_delay</name>
         <load_address>0x14d0</load_address>
         <readonly>true</readonly>
         <executable>true</executable>
         <run_address>0x14d0</run_address>
         <size>0x10</size>
         <alignment>0x2</alignment>
         <input_file_ref idref="fl-3"/>
      </object_component>
      <object_component id="oc-96">
         <name>.text.lcd_clear</name>
         <load_address>0x14e0</load_address>
         <readonly>true</readonly>
         <executable>true</executable>
         <run_address>0x14e0</run_address>
         <size>0xe</size>
         <alignment>0x2</alignment>
         <input_file_ref idref="fl-5"/>
      </object_component>
      <object_component id="oc-42">
         <name>.text.__aeabi_memcpy</name>
         <load_address>0x14f0</load_address>
         <readonly>true</readonly>
         <executable>true</executable>
         <run_address>0x14f0</run_address>
         <size>0x8</size>
         <alignment>0x4</alignment>
         <input_file_ref idref="fl-100"/>
      </object_component>
      <object_component id="oc-35">
         <name>.text.Default_Handler</name>
         <load_address>0x14f8</load_address>
         <readonly>true</readonly>
         <executable>true</executable>
         <run_address>0x14f8</run_address>
         <size>0x4</size>
         <alignment>0x2</alignment>
         <input_file_ref idref="fl-8"/>
      </object_component>
      <object_component id="oc-36">
         <name>.text.HardFault_Handler</name>
         <load_address>0x14fc</load_address>
         <readonly>true</readonly>
         <executable>true</executable>
         <run_address>0x14fc</run_address>
         <size>0x4</size>
         <alignment>0x2</alignment>
         <input_file_ref idref="fl-8"/>
      </object_component>
      <object_component id="oc-31">
         <name>.text.Reset_Handler</name>
         <load_address>0x1500</load_address>
         <readonly>true</readonly>
         <executable>true</executable>
         <run_address>0x1500</run_address>
         <size>0x4</size>
         <alignment>0x2</alignment>
         <input_file_ref idref="fl-8"/>
      </object_component>
      <object_component id="oc-67">
         <name>.text._system_pre_init</name>
         <load_address>0x1504</load_address>
         <readonly>true</readonly>
         <executable>true</executable>
         <run_address>0x1504</run_address>
         <size>0x4</size>
         <alignment>0x2</alignment>
         <input_file_ref idref="fl-3d"/>
      </object_component>
      <object_component id="oc-a1">
         <name>.text:abort</name>
         <load_address>0x1508</load_address>
         <readonly>true</readonly>
         <executable>true</executable>
         <run_address>0x1508</run_address>
         <size>0x4</size>
         <alignment>0x2</alignment>
         <input_file_ref idref="fl-39"/>
      </object_component>
      <object_component id="oc-154">
         <name>.cinit..data.load</name>
         <load_address>0x16c0</load_address>
         <readonly>true</readonly>
         <run_address>0x16c0</run_address>
         <size>0x1b</size>
         <alignment>0x1</alignment>
      </object_component>
      <object_component id="oc-152">
         <name>__TI_handler_table</name>
         <load_address>0x16dc</load_address>
         <readonly>true</readonly>
         <run_address>0x16dc</run_address>
         <size>0x8</size>
         <alignment>0x4</alignment>
      </object_component>
      <object_component id="oc-153">
         <name>__TI_cinit_table</name>
         <load_address>0x16e4</load_address>
         <readonly>true</readonly>
         <run_address>0x16e4</run_address>
         <size>0x8</size>
         <alignment>0x4</alignment>
      </object_component>
      <object_component id="oc-ca">
         <name>.rodata.led_config_data</name>
         <load_address>0x1510</load_address>
         <readonly>true</readonly>
         <run_address>0x1510</run_address>
         <size>0x60</size>
         <alignment>0x4</alignment>
         <input_file_ref idref="fl-1"/>
      </object_component>
      <object_component id="oc-c9">
         <name>.rodata.enable_controls</name>
         <load_address>0x1570</load_address>
         <readonly>true</readonly>
         <run_address>0x1570</run_address>
         <size>0x3c</size>
         <alignment>0x4</alignment>
         <input_file_ref idref="fl-1"/>
      </object_component>
      <object_component id="oc-cb">
         <name>.rodata.dip_switch_config_data</name>
         <load_address>0x15ac</load_address>
         <readonly>true</readonly>
         <run_address>0x15ac</run_address>
         <size>0x30</size>
         <alignment>0x4</alignment>
         <input_file_ref idref="fl-1"/>
      </object_component>
      <object_component id="oc-d3">
         <name>.rodata.kp_col_config_data</name>
         <load_address>0x15dc</load_address>
         <readonly>true</readonly>
         <run_address>0x15dc</run_address>
         <size>0x30</size>
         <alignment>0x4</alignment>
         <input_file_ref idref="fl-1"/>
      </object_component>
      <object_component id="oc-d4">
         <name>.rodata.kp_row_config_data</name>
         <load_address>0x160c</load_address>
         <readonly>true</readonly>
         <run_address>0x160c</run_address>
         <size>0x30</size>
         <alignment>0x4</alignment>
         <input_file_ref idref="fl-1"/>
      </object_component>
      <object_component id="oc-cc">
         <name>.rodata.iic_config_data</name>
         <load_address>0x163c</load_address>
         <readonly>true</readonly>
         <run_address>0x163c</run_address>
         <size>0x18</size>
         <alignment>0x4</alignment>
         <input_file_ref idref="fl-1"/>
      </object_component>
      <object_component id="oc-e5">
         <name>.rodata.str1.26572748388492520731</name>
         <load_address>0x1654</load_address>
         <readonly>true</readonly>
         <run_address>0x1654</run_address>
         <size>0x10</size>
         <alignment>0x1</alignment>
         <input_file_ref idref="fl-4"/>
      </object_component>
      <object_component id="oc-e0">
         <name>.rodata.str1.32807689581175399521</name>
         <load_address>0x1664</load_address>
         <readonly>true</readonly>
         <run_address>0x1664</run_address>
         <size>0xf</size>
         <alignment>0x1</alignment>
         <input_file_ref idref="fl-4"/>
      </object_component>
      <object_component id="oc-dd">
         <name>.rodata.str1.34280822288040436511</name>
         <load_address>0x1673</load_address>
         <readonly>true</readonly>
         <run_address>0x1673</run_address>
         <size>0xf</size>
         <alignment>0x1</alignment>
         <input_file_ref idref="fl-4"/>
      </object_component>
      <object_component id="oc-e4">
         <name>.rodata.str1.46855101295118258701</name>
         <load_address>0x1682</load_address>
         <readonly>true</readonly>
         <run_address>0x1682</run_address>
         <size>0xf</size>
         <alignment>0x1</alignment>
         <input_file_ref idref="fl-4"/>
      </object_component>
      <object_component id="oc-de">
         <name>.rodata.str1.44517429286609420471</name>
         <load_address>0x1691</load_address>
         <readonly>true</readonly>
         <run_address>0x1691</run_address>
         <size>0xd</size>
         <alignment>0x1</alignment>
         <input_file_ref idref="fl-4"/>
      </object_component>
      <object_component id="oc-e1">
         <name>.rodata.str1.134658414100621720361</name>
         <load_address>0x169e</load_address>
         <readonly>true</readonly>
         <run_address>0x169e</run_address>
         <size>0xc</size>
         <alignment>0x1</alignment>
         <input_file_ref idref="fl-4"/>
      </object_component>
      <object_component id="oc-9e">
         <name>.rodata.str1.152654801371966381161</name>
         <load_address>0x16aa</load_address>
         <readonly>true</readonly>
         <run_address>0x16aa</run_address>
         <size>0xc</size>
         <alignment>0x1</alignment>
         <input_file_ref idref="fl-4"/>
      </object_component>
      <object_component id="oc-df">
         <name>.rodata.str1.77718481643992561341</name>
         <load_address>0x16b6</load_address>
         <readonly>true</readonly>
         <run_address>0x16b6</run_address>
         <size>0xa</size>
         <alignment>0x1</alignment>
         <input_file_ref idref="fl-4"/>
      </object_component>
      <object_component id="oc-11c">
         <name>.binit</name>
         <load_address>0x0</load_address>
         <readonly>true</readonly>
         <run_address>0x0</run_address>
         <size>0x0</size>
         <alignment>0x4</alignment>
      </object_component>
      <object_component id="oc-fd">
         <name>.data.keycodes</name>
         <load_address>0x20200800</load_address>
         <readwrite>true</readwrite>
         <run_address>0x20200800</run_address>
         <size>0x10</size>
         <alignment>0x1</alignment>
         <input_file_ref idref="fl-1"/>
      </object_component>
      <object_component id="oc-c1">
         <name>.data.g_bus_clock_freq</name>
         <load_address>0x20200810</load_address>
         <readwrite>true</readwrite>
         <run_address>0x20200810</run_address>
         <size>0x4</size>
         <alignment>0x4</alignment>
         <input_file_ref idref="fl-3"/>
      </object_component>
      <object_component id="oc-f8">
         <name>.data.g_lcd_backlight_mode</name>
         <load_address>0x20200814</load_address>
         <readwrite>true</readwrite>
         <run_address>0x20200814</run_address>
         <size>0x1</size>
         <alignment>0x1</alignment>
         <input_file_ref idref="fl-5"/>
      </object_component>
      <object_component id="oc-2f">
         <name>.sysmem</name>
         <uninitialized>true</uninitialized>
         <readwrite>true</readwrite>
         <run_address>0x20200000</run_address>
         <size>0x10</size>
         <alignment>0x8</alignment>
         <input_file_ref idref="fl-2e"/>
      </object_component>
      <object_component id="oc-157">
         <name>.sysmem</name>
         <uninitialized>true</uninitialized>
         <readwrite>true</readwrite>
         <run_address>0x20200000</run_address>
         <size>0x0</size>
         <alignment>0x4</alignment>
      </object_component>
      <object_component id="oc-1a">
         <name>.stack</name>
         <uninitialized>true</uninitialized>
         <readwrite>true</readwrite>
         <run_address>0x20207e00</run_address>
         <size>0x4</size>
         <alignment>0x4</alignment>
         <input_file_ref idref="fl-32"/>
      </object_component>
      <object_component id="oc-156">
         <name>.stack</name>
         <uninitialized>true</uninitialized>
         <readwrite>true</readwrite>
         <run_address>0x20207e00</run_address>
         <size>0x0</size>
         <alignment>0x8</alignment>
      </object_component>
      <object_component id="oc-c5">
         <name>.debug_abbrev</name>
         <load_address>0x0</load_address>
         <run_address>0x0</run_address>
         <size>0x17e</size>
         <alignment>0x1</alignment>
         <input_file_ref idref="fl-1"/>
      </object_component>
      <object_component id="oc-c2">
         <name>.debug_abbrev</name>
         <load_address>0x17e</load_address>
         <run_address>0x17e</run_address>
         <size>0x179</size>
         <alignment>0x1</alignment>
         <input_file_ref idref="fl-3"/>
      </object_component>
      <object_component id="oc-9f">
         <name>.debug_abbrev</name>
         <load_address>0x2f7</load_address>
         <run_address>0x2f7</run_address>
         <size>0x105</size>
         <alignment>0x1</alignment>
         <input_file_ref idref="fl-4"/>
      </object_component>
      <object_component id="oc-d1">
         <name>.debug_abbrev</name>
         <load_address>0x3fc</load_address>
         <run_address>0x3fc</run_address>
         <size>0x11b</size>
         <alignment>0x1</alignment>
         <input_file_ref idref="fl-5"/>
      </object_component>
      <object_component id="oc-37">
         <name>.debug_abbrev</name>
         <load_address>0x517</load_address>
         <run_address>0x517</run_address>
         <size>0x6d</size>
         <alignment>0x1</alignment>
         <input_file_ref idref="fl-8"/>
      </object_component>
      <object_component id="oc-59">
         <name>.debug_abbrev</name>
         <load_address>0x584</load_address>
         <run_address>0x584</run_address>
         <size>0x299</size>
         <alignment>0x1</alignment>
         <input_file_ref idref="fl-2e"/>
      </object_component>
      <object_component id="oc-46">
         <name>.debug_abbrev</name>
         <load_address>0x81d</load_address>
         <run_address>0x81d</run_address>
         <size>0x70</size>
         <alignment>0x1</alignment>
         <input_file_ref idref="fl-30"/>
      </object_component>
      <object_component id="oc-3e">
         <name>.debug_abbrev</name>
         <load_address>0x88d</load_address>
         <run_address>0x88d</run_address>
         <size>0x8d</size>
         <alignment>0x1</alignment>
         <input_file_ref idref="fl-31"/>
      </object_component>
      <object_component id="oc-39">
         <name>.debug_abbrev</name>
         <load_address>0x91a</load_address>
         <run_address>0x91a</run_address>
         <size>0xaf</size>
         <alignment>0x1</alignment>
         <input_file_ref idref="fl-32"/>
      </object_component>
      <object_component id="oc-e6">
         <name>.debug_abbrev</name>
         <load_address>0x9c9</load_address>
         <run_address>0x9c9</run_address>
         <size>0xb3</size>
         <alignment>0x1</alignment>
         <input_file_ref idref="fl-39"/>
      </object_component>
      <object_component id="oc-ec">
         <name>.debug_abbrev</name>
         <load_address>0xa7c</load_address>
         <run_address>0xa7c</run_address>
         <size>0x170</size>
         <alignment>0x1</alignment>
         <input_file_ref idref="fl-3c"/>
      </object_component>
      <object_component id="oc-82">
         <name>.debug_abbrev</name>
         <load_address>0xbec</load_address>
         <run_address>0xbec</run_address>
         <size>0x39</size>
         <alignment>0x1</alignment>
         <input_file_ref idref="fl-3d"/>
      </object_component>
      <object_component id="oc-5f">
         <name>.debug_abbrev</name>
         <load_address>0xc25</load_address>
         <run_address>0xc25</run_address>
         <size>0x27</size>
         <alignment>0x1</alignment>
         <input_file_ref idref="fl-100"/>
      </object_component>
      <object_component id="oc-10e">
         <name>.debug_abbrev</name>
         <load_address>0xc4c</load_address>
         <run_address>0xc4c</run_address>
         <size>0x27</size>
         <alignment>0x1</alignment>
         <input_file_ref idref="fl-102"/>
      </object_component>
      <object_component id="oc-110">
         <name>.debug_abbrev</name>
         <load_address>0xc73</load_address>
         <run_address>0xc73</run_address>
         <size>0x59</size>
         <alignment>0x1</alignment>
         <input_file_ref idref="fl-108"/>
      </object_component>
      <object_component id="oc-ba">
         <name>.debug_abbrev</name>
         <load_address>0xccc</load_address>
         <run_address>0xccc</run_address>
         <size>0x25</size>
         <alignment>0x1</alignment>
         <input_file_ref idref="fl-10a"/>
      </object_component>
      <object_component id="oc-159">
         <name>.debug_abbrev</name>
         <load_address>0xcf1</load_address>
         <run_address>0xcf1</run_address>
         <size>0xf</size>
         <alignment>0x0</alignment>
      </object_component>
      <object_component id="oc-8a">
         <name>.debug_info</name>
         <load_address>0x0</load_address>
         <run_address>0x0</run_address>
         <size>0x21b0</size>
         <alignment>0x1</alignment>
         <input_file_ref idref="fl-1"/>
      </object_component>
      <object_component id="oc-85">
         <name>.debug_info</name>
         <load_address>0x21b0</load_address>
         <run_address>0x21b0</run_address>
         <size>0x680</size>
         <alignment>0x1</alignment>
         <input_file_ref idref="fl-3"/>
      </object_component>
      <object_component id="oc-6c">
         <name>.debug_info</name>
         <load_address>0x2830</load_address>
         <run_address>0x2830</run_address>
         <size>0x5b0</size>
         <alignment>0x1</alignment>
         <input_file_ref idref="fl-4"/>
      </object_component>
      <object_component id="oc-92">
         <name>.debug_info</name>
         <load_address>0x2de0</load_address>
         <run_address>0x2de0</run_address>
         <size>0x5a9</size>
         <alignment>0x1</alignment>
         <input_file_ref idref="fl-5"/>
      </object_component>
      <object_component id="oc-19">
         <name>.debug_info</name>
         <load_address>0x3389</load_address>
         <run_address>0x3389</run_address>
         <size>0x94</size>
         <alignment>0x1</alignment>
         <input_file_ref idref="fl-8"/>
      </object_component>
      <object_component id="oc-30">
         <name>.debug_info</name>
         <load_address>0x341d</load_address>
         <run_address>0x341d</run_address>
         <size>0xae7</size>
         <alignment>0x1</alignment>
         <input_file_ref idref="fl-2e"/>
      </object_component>
      <object_component id="oc-21">
         <name>.debug_info</name>
         <load_address>0x3f04</load_address>
         <run_address>0x3f04</run_address>
         <size>0xc6</size>
         <alignment>0x1</alignment>
         <input_file_ref idref="fl-30"/>
      </object_component>
      <object_component id="oc-1d">
         <name>.debug_info</name>
         <load_address>0x3fca</load_address>
         <run_address>0x3fca</run_address>
         <size>0x17c</size>
         <alignment>0x1</alignment>
         <input_file_ref idref="fl-31"/>
      </object_component>
      <object_component id="oc-1b">
         <name>.debug_info</name>
         <load_address>0x4146</load_address>
         <run_address>0x4146</run_address>
         <size>0x423</size>
         <alignment>0x1</alignment>
         <input_file_ref idref="fl-32"/>
      </object_component>
      <object_component id="oc-a2">
         <name>.debug_info</name>
         <load_address>0x4569</load_address>
         <run_address>0x4569</run_address>
         <size>0xed</size>
         <alignment>0x1</alignment>
         <input_file_ref idref="fl-39"/>
      </object_component>
      <object_component id="oc-aa">
         <name>.debug_info</name>
         <load_address>0x4656</load_address>
         <run_address>0x4656</run_address>
         <size>0x744</size>
         <alignment>0x1</alignment>
         <input_file_ref idref="fl-3c"/>
      </object_component>
      <object_component id="oc-68">
         <name>.debug_info</name>
         <load_address>0x4d9a</load_address>
         <run_address>0x4d9a</run_address>
         <size>0x46</size>
         <alignment>0x1</alignment>
         <input_file_ref idref="fl-3d"/>
      </object_component>
      <object_component id="oc-43">
         <name>.debug_info</name>
         <load_address>0x4de0</load_address>
         <run_address>0x4de0</run_address>
         <size>0x1a9</size>
         <alignment>0x1</alignment>
         <input_file_ref idref="fl-100"/>
      </object_component>
      <object_component id="oc-f5">
         <name>.debug_info</name>
         <load_address>0x4f89</load_address>
         <run_address>0x4f89</run_address>
         <size>0x1cc</size>
         <alignment>0x1</alignment>
         <input_file_ref idref="fl-102"/>
      </object_component>
      <object_component id="oc-10a">
         <name>.debug_info</name>
         <load_address>0x5155</load_address>
         <run_address>0x5155</run_address>
         <size>0x85</size>
         <alignment>0x1</alignment>
         <input_file_ref idref="fl-108"/>
      </object_component>
      <object_component id="oc-7d">
         <name>.debug_info</name>
         <load_address>0x51da</load_address>
         <run_address>0x51da</run_address>
         <size>0x302</size>
         <alignment>0x1</alignment>
         <input_file_ref idref="fl-10a"/>
      </object_component>
      <object_component id="oc-158">
         <name>.debug_info</name>
         <load_address>0x54dc</load_address>
         <run_address>0x54dc</run_address>
         <size>0x9a</size>
         <alignment>0x0</alignment>
      </object_component>
      <object_component id="oc-8b">
         <name>.debug_ranges</name>
         <load_address>0x0</load_address>
         <run_address>0x0</run_address>
         <size>0x160</size>
         <alignment>0x1</alignment>
         <input_file_ref idref="fl-1"/>
      </object_component>
      <object_component id="oc-86">
         <name>.debug_ranges</name>
         <load_address>0x160</load_address>
         <run_address>0x160</run_address>
         <size>0x40</size>
         <alignment>0x1</alignment>
         <input_file_ref idref="fl-3"/>
      </object_component>
      <object_component id="oc-6d">
         <name>.debug_ranges</name>
         <load_address>0x1a0</load_address>
         <run_address>0x1a0</run_address>
         <size>0x40</size>
         <alignment>0x1</alignment>
         <input_file_ref idref="fl-4"/>
      </object_component>
      <object_component id="oc-93">
         <name>.debug_ranges</name>
         <load_address>0x1e0</load_address>
         <run_address>0x1e0</run_address>
         <size>0x88</size>
         <alignment>0x1</alignment>
         <input_file_ref idref="fl-5"/>
      </object_component>
      <object_component id="oc-32">
         <name>.debug_ranges</name>
         <load_address>0x268</load_address>
         <run_address>0x268</run_address>
         <size>0x20</size>
         <alignment>0x1</alignment>
         <input_file_ref idref="fl-8"/>
      </object_component>
      <object_component id="oc-5c">
         <name>.debug_ranges</name>
         <load_address>0x288</load_address>
         <run_address>0x288</run_address>
         <size>0xa0</size>
         <alignment>0x1</alignment>
         <input_file_ref idref="fl-2e"/>
      </object_component>
      <object_component id="oc-41">
         <name>.debug_ranges</name>
         <load_address>0x328</load_address>
         <run_address>0x328</run_address>
         <size>0x50</size>
         <alignment>0x1</alignment>
         <input_file_ref idref="fl-31"/>
      </object_component>
      <object_component id="oc-3c">
         <name>.debug_ranges</name>
         <load_address>0x378</load_address>
         <run_address>0x378</run_address>
         <size>0x48</size>
         <alignment>0x1</alignment>
         <input_file_ref idref="fl-32"/>
      </object_component>
      <object_component id="oc-a3">
         <name>.debug_ranges</name>
         <load_address>0x3c0</load_address>
         <run_address>0x3c0</run_address>
         <size>0x18</size>
         <alignment>0x1</alignment>
         <input_file_ref idref="fl-39"/>
      </object_component>
      <object_component id="oc-ab">
         <name>.debug_ranges</name>
         <load_address>0x3d8</load_address>
         <run_address>0x3d8</run_address>
         <size>0x48</size>
         <alignment>0x1</alignment>
         <input_file_ref idref="fl-3c"/>
      </object_component>
      <object_component id="oc-10b">
         <name>.debug_ranges</name>
         <load_address>0x420</load_address>
         <run_address>0x420</run_address>
         <size>0x18</size>
         <alignment>0x1</alignment>
         <input_file_ref idref="fl-108"/>
      </object_component>
      <object_component id="oc-7b">
         <name>.debug_ranges</name>
         <load_address>0x438</load_address>
         <run_address>0x438</run_address>
         <size>0x28</size>
         <alignment>0x1</alignment>
         <input_file_ref idref="fl-10a"/>
      </object_component>
      <object_component id="oc-c6">
         <name>.debug_str</name>
         <load_address>0x0</load_address>
         <run_address>0x0</run_address>
         <size>0xfb7</size>
         <alignment>0x1</alignment>
         <input_file_ref idref="fl-1"/>
      </object_component>
      <object_component id="oc-c3">
         <name>.debug_str</name>
         <load_address>0xfb7</load_address>
         <run_address>0xfb7</run_address>
         <size>0x4b2</size>
         <alignment>0x1</alignment>
         <input_file_ref idref="fl-3"/>
      </object_component>
      <object_component id="oc-a0">
         <name>.debug_str</name>
         <load_address>0x1469</load_address>
         <run_address>0x1469</run_address>
         <size>0x2f0</size>
         <alignment>0x1</alignment>
         <input_file_ref idref="fl-4"/>
      </object_component>
      <object_component id="oc-d2">
         <name>.debug_str</name>
         <load_address>0x1759</load_address>
         <run_address>0x1759</run_address>
         <size>0x325</size>
         <alignment>0x1</alignment>
         <input_file_ref idref="fl-5"/>
      </object_component>
      <object_component id="oc-38">
         <name>.debug_str</name>
         <load_address>0x1a7e</load_address>
         <run_address>0x1a7e</run_address>
         <size>0x11a</size>
         <alignment>0x1</alignment>
         <input_file_ref idref="fl-8"/>
      </object_component>
      <object_component id="oc-5a">
         <name>.debug_str</name>
         <load_address>0x1b98</load_address>
         <run_address>0x1b98</run_address>
         <size>0x3d3</size>
         <alignment>0x1</alignment>
         <input_file_ref idref="fl-2e"/>
      </object_component>
      <object_component id="oc-47">
         <name>.debug_str</name>
         <load_address>0x1f6b</load_address>
         <run_address>0x1f6b</run_address>
         <size>0x170</size>
         <alignment>0x1</alignment>
         <input_file_ref idref="fl-30"/>
      </object_component>
      <object_component id="oc-3f">
         <name>.debug_str</name>
         <load_address>0x20db</load_address>
         <run_address>0x20db</run_address>
         <size>0x1dd</size>
         <alignment>0x1</alignment>
         <input_file_ref idref="fl-31"/>
      </object_component>
      <object_component id="oc-3a">
         <name>.debug_str</name>
         <load_address>0x22b8</load_address>
         <run_address>0x22b8</run_address>
         <size>0x22d</size>
         <alignment>0x1</alignment>
         <input_file_ref idref="fl-32"/>
      </object_component>
      <object_component id="oc-e7">
         <name>.debug_str</name>
         <load_address>0x24e5</load_address>
         <run_address>0x24e5</run_address>
         <size>0x147</size>
         <alignment>0x1</alignment>
         <input_file_ref idref="fl-39"/>
      </object_component>
      <object_component id="oc-ed">
         <name>.debug_str</name>
         <load_address>0x262c</load_address>
         <run_address>0x262c</run_address>
         <size>0x337</size>
         <alignment>0x1</alignment>
         <input_file_ref idref="fl-3c"/>
      </object_component>
      <object_component id="oc-83">
         <name>.debug_str</name>
         <load_address>0x2963</load_address>
         <run_address>0x2963</run_address>
         <size>0xfd</size>
         <alignment>0x1</alignment>
         <input_file_ref idref="fl-3d"/>
      </object_component>
      <object_component id="oc-111">
         <name>.debug_str</name>
         <load_address>0x2a60</load_address>
         <run_address>0x2a60</run_address>
         <size>0x1a3</size>
         <alignment>0x1</alignment>
         <input_file_ref idref="fl-108"/>
      </object_component>
      <object_component id="oc-8c">
         <name>.debug_frame</name>
         <load_address>0x0</load_address>
         <run_address>0x0</run_address>
         <size>0x3d8</size>
         <alignment>0x4</alignment>
         <input_file_ref idref="fl-1"/>
      </object_component>
      <object_component id="oc-87">
         <name>.debug_frame</name>
         <load_address>0x3d8</load_address>
         <run_address>0x3d8</run_address>
         <size>0xa8</size>
         <alignment>0x4</alignment>
         <input_file_ref idref="fl-3"/>
      </object_component>
      <object_component id="oc-6e">
         <name>.debug_frame</name>
         <load_address>0x480</load_address>
         <run_address>0x480</run_address>
         <size>0xd4</size>
         <alignment>0x4</alignment>
         <input_file_ref idref="fl-4"/>
      </object_component>
      <object_component id="oc-94">
         <name>.debug_frame</name>
         <load_address>0x554</load_address>
         <run_address>0x554</run_address>
         <size>0x1c0</size>
         <alignment>0x4</alignment>
         <input_file_ref idref="fl-5"/>
      </object_component>
      <object_component id="oc-33">
         <name>.debug_frame</name>
         <load_address>0x714</load_address>
         <run_address>0x714</run_address>
         <size>0x40</size>
         <alignment>0x4</alignment>
         <input_file_ref idref="fl-8"/>
      </object_component>
      <object_component id="oc-22">
         <name>.debug_frame</name>
         <load_address>0x754</load_address>
         <run_address>0x754</run_address>
         <size>0x28</size>
         <alignment>0x4</alignment>
         <input_file_ref idref="fl-30"/>
      </object_component>
      <object_component id="oc-1e">
         <name>.debug_frame</name>
         <load_address>0x77c</load_address>
         <run_address>0x77c</run_address>
         <size>0x30</size>
         <alignment>0x4</alignment>
         <input_file_ref idref="fl-31"/>
      </object_component>
      <object_component id="oc-51">
         <name>.debug_frame</name>
         <load_address>0x7ac</load_address>
         <run_address>0x7ac</run_address>
         <size>0x90</size>
         <alignment>0x4</alignment>
         <input_file_ref idref="fl-32"/>
      </object_component>
      <object_component id="oc-a4">
         <name>.debug_frame</name>
         <load_address>0x83c</load_address>
         <run_address>0x83c</run_address>
         <size>0x30</size>
         <alignment>0x4</alignment>
         <input_file_ref idref="fl-39"/>
      </object_component>
      <object_component id="oc-ac">
         <name>.debug_frame</name>
         <load_address>0x86c</load_address>
         <run_address>0x86c</run_address>
         <size>0x100</size>
         <alignment>0x4</alignment>
         <input_file_ref idref="fl-3c"/>
      </object_component>
      <object_component id="oc-69">
         <name>.debug_frame</name>
         <load_address>0x96c</load_address>
         <run_address>0x96c</run_address>
         <size>0x20</size>
         <alignment>0x4</alignment>
         <input_file_ref idref="fl-3d"/>
      </object_component>
      <object_component id="oc-10c">
         <name>.debug_frame</name>
         <load_address>0x98c</load_address>
         <run_address>0x98c</run_address>
         <size>0x30</size>
         <alignment>0x4</alignment>
         <input_file_ref idref="fl-108"/>
      </object_component>
      <object_component id="oc-8d">
         <name>.debug_line</name>
         <load_address>0x0</load_address>
         <run_address>0x0</run_address>
         <size>0x17aa</size>
         <alignment>0x1</alignment>
         <input_file_ref idref="fl-1"/>
      </object_component>
      <object_component id="oc-88">
         <name>.debug_line</name>
         <load_address>0x17aa</load_address>
         <run_address>0x17aa</run_address>
         <size>0x38c</size>
         <alignment>0x1</alignment>
         <input_file_ref idref="fl-3"/>
      </object_component>
      <object_component id="oc-6f">
         <name>.debug_line</name>
         <load_address>0x1b36</load_address>
         <run_address>0x1b36</run_address>
         <size>0x4bb</size>
         <alignment>0x1</alignment>
         <input_file_ref idref="fl-4"/>
      </object_component>
      <object_component id="oc-95">
         <name>.debug_line</name>
         <load_address>0x1ff1</load_address>
         <run_address>0x1ff1</run_address>
         <size>0x5ad</size>
         <alignment>0x1</alignment>
         <input_file_ref idref="fl-5"/>
      </object_component>
      <object_component id="oc-34">
         <name>.debug_line</name>
         <load_address>0x259e</load_address>
         <run_address>0x259e</run_address>
         <size>0x84</size>
         <alignment>0x1</alignment>
         <input_file_ref idref="fl-8"/>
      </object_component>
      <object_component id="oc-5b">
         <name>.debug_line</name>
         <load_address>0x2622</load_address>
         <run_address>0x2622</run_address>
         <size>0x6f6</size>
         <alignment>0x1</alignment>
         <input_file_ref idref="fl-2e"/>
      </object_component>
      <object_component id="oc-23">
         <name>.debug_line</name>
         <load_address>0x2d18</load_address>
         <run_address>0x2d18</run_address>
         <size>0x63</size>
         <alignment>0x1</alignment>
         <input_file_ref idref="fl-30"/>
      </object_component>
      <object_component id="oc-1f">
         <name>.debug_line</name>
         <load_address>0x2d7b</load_address>
         <run_address>0x2d7b</run_address>
         <size>0x10e</size>
         <alignment>0x1</alignment>
         <input_file_ref idref="fl-31"/>
      </object_component>
      <object_component id="oc-3b">
         <name>.debug_line</name>
         <load_address>0x2e89</load_address>
         <run_address>0x2e89</run_address>
         <size>0x1dc</size>
         <alignment>0x1</alignment>
         <input_file_ref idref="fl-32"/>
      </object_component>
      <object_component id="oc-a5">
         <name>.debug_line</name>
         <load_address>0x3065</load_address>
         <run_address>0x3065</run_address>
         <size>0x69</size>
         <alignment>0x1</alignment>
         <input_file_ref idref="fl-39"/>
      </object_component>
      <object_component id="oc-ad">
         <name>.debug_line</name>
         <load_address>0x30ce</load_address>
         <run_address>0x30ce</run_address>
         <size>0x403</size>
         <alignment>0x1</alignment>
         <input_file_ref idref="fl-3c"/>
      </object_component>
      <object_component id="oc-6a">
         <name>.debug_line</name>
         <load_address>0x34d1</load_address>
         <run_address>0x34d1</run_address>
         <size>0x3e</size>
         <alignment>0x1</alignment>
         <input_file_ref idref="fl-3d"/>
      </object_component>
      <object_component id="oc-45">
         <name>.debug_line</name>
         <load_address>0x350f</load_address>
         <run_address>0x350f</run_address>
         <size>0xac</size>
         <alignment>0x1</alignment>
         <input_file_ref idref="fl-100"/>
      </object_component>
      <object_component id="oc-f7">
         <name>.debug_line</name>
         <load_address>0x35bb</load_address>
         <run_address>0x35bb</run_address>
         <size>0xca</size>
         <alignment>0x1</alignment>
         <input_file_ref idref="fl-102"/>
      </object_component>
      <object_component id="oc-10d">
         <name>.debug_line</name>
         <load_address>0x3685</load_address>
         <run_address>0x3685</run_address>
         <size>0xbd</size>
         <alignment>0x1</alignment>
         <input_file_ref idref="fl-108"/>
      </object_component>
      <object_component id="oc-7c">
         <name>.debug_line</name>
         <load_address>0x3742</load_address>
         <run_address>0x3742</run_address>
         <size>0xa0</size>
         <alignment>0x1</alignment>
         <input_file_ref idref="fl-10a"/>
      </object_component>
      <object_component id="oc-5d">
         <name>.debug_loc</name>
         <load_address>0x0</load_address>
         <run_address>0x0</run_address>
         <size>0x714</size>
         <alignment>0x1</alignment>
         <input_file_ref idref="fl-2e"/>
      </object_component>
      <object_component id="oc-48">
         <name>.debug_loc</name>
         <load_address>0x714</load_address>
         <run_address>0x714</run_address>
         <size>0x6f</size>
         <alignment>0x1</alignment>
         <input_file_ref idref="fl-30"/>
      </object_component>
      <object_component id="oc-40">
         <name>.debug_loc</name>
         <load_address>0x783</load_address>
         <run_address>0x783</run_address>
         <size>0x167</size>
         <alignment>0x1</alignment>
         <input_file_ref idref="fl-31"/>
      </object_component>
      <object_component id="oc-3d">
         <name>.debug_loc</name>
         <load_address>0x8ea</load_address>
         <run_address>0x8ea</run_address>
         <size>0xd8</size>
         <alignment>0x1</alignment>
         <input_file_ref idref="fl-32"/>
      </object_component>
      <object_component id="oc-a7">
         <name>.debug_loc</name>
         <load_address>0x9c2</load_address>
         <run_address>0x9c2</run_address>
         <size>0x26</size>
         <alignment>0x1</alignment>
         <input_file_ref idref="fl-39"/>
      </object_component>
      <object_component id="oc-a9">
         <name>.debug_loc</name>
         <load_address>0x9e8</load_address>
         <run_address>0x9e8</run_address>
         <size>0x424</size>
         <alignment>0x1</alignment>
         <input_file_ref idref="fl-3c"/>
      </object_component>
      <object_component id="oc-112">
         <name>.debug_loc</name>
         <load_address>0xe0c</load_address>
         <run_address>0xe0c</run_address>
         <size>0x20</size>
         <alignment>0x1</alignment>
         <input_file_ref idref="fl-108"/>
      </object_component>
      <object_component id="oc-44">
         <name>.debug_aranges</name>
         <load_address>0x0</load_address>
[...]
               <logical_group_ref idref="lg-11"/>
            </allocated_space>
         </usage_details>
      </memory_area>
      <memory_area display="yes" color="green">
         <name>BCR_CONFIG</name>
         <page_id>0x0</page_id>
         <origin>0x41c00000</origin>
         <length>0x80</length>
         <used_space>0x0</used_space>
         <unused_space>0x80</unused_space>
         <attributes>R</attributes>
         <usage_details>
         </usage_details>
      </memory_area>
      <memory_area display="yes" color="green">
         <name>BSL_CONFIG</name>
         <page_id>0x0</page_id>
         <origin>0x41c00100</origin>
         <length>0x80</length>
         <used_space>0x0</used_space>
         <unused_space>0x80</unused_space>
         <attributes>R</attributes>
         <usage_details>
         </usage_details>
      </memory_area>
   </placement_map>
   <cptbl_list>
      <cptbl>
         <name>__TI_cinit_table</name>
         <cprec>
            <name>.data</name>
            <load_address>0x16c0</load_address>
            <load_size>0x1b</load_size>
            <run_address>0x20200800</run_address>
            <run_size>0x15</run_size>
            <compression>lzss</compression>
         </cprec>
      </cptbl>
   </cptbl_list>
   <handler_table>
      <handler_table_name>__TI_handler_table</handler_table_name>
      <handler>
         <index>0x0</index>
         <name>__TI_decompress_lzss</name>
      </handler>
      <handler>
         <index>0x1</index>
         <name>__TI_decompress_none</name>
      </handler>
   </handler_table>
   <symbol_table>
      <symbol id="sm-1">
         <name>__start___llvm_prf_cnts</name>
         <value>0x20200000</value>
      </symbol>
      <symbol id="sm-2">
         <name>__stop___llvm_prf_cnts</name>
         <value>0x20200000</value>
      </symbol>
      <symbol id="sm-3">
         <name>__start___llvm_prf_bits</name>
         <value>0x20200000</value>
      </symbol>
      <symbol id="sm-4">
         <name>__stop___llvm_prf_bits</name>
         <value>0x20200000</value>
      </symbol>
      <symbol id="sm-5">
         <name>__TI_CINIT_Base</name>
         <value>0x16e4</value>
      </symbol>
      <symbol id="sm-6">
         <name>__TI_CINIT_Limit</name>
         <value>0x16ec</value>
      </symbol>
      <symbol id="sm-7">
         <name>__TI_CINIT_Warm</name>
         <value>0x16ec</value>
      </symbol>
      <symbol id="sm-8">
         <name>__TI_Handler_Table_Base</name>
         <value>0x16dc</value>
      </symbol>
      <symbol id="sm-9">
         <name>__TI_Handler_Table_Limit</name>
         <value>0x16e4</value>
      </symbol>
      <symbol id="sm-a">
         <name>binit</name>
         <value>0xffffffff</value>
      </symbol>
      <symbol id="sm-b">
         <name>__binit__</name>
         <value>0xffffffff</value>
      </symbol>
      <symbol id="sm-c">
         <name>__STACK_SIZE</name>
         <value>0x200</value>
      </symbol>
      <symbol id="sm-d">
         <name>__STACK_END</name>
         <value>0x20208000</value>
      </symbol>
      <symbol id="sm-e">
         <name>__SYSMEM_SIZE</name>
         <value>0x800</value>
      </symbol>
      <symbol id="sm-f">
         <name>__TI_pprof_out_hndl</name>
         <value>0xffffffff</value>
      </symbol>
      <symbol id="sm-10">
         <name>__TI_prof_data_start</name>
         <value>0xffffffff</value>
      </symbol>
      <symbol id="sm-11">
         <name>__TI_prof_data_size</name>
         <value>0xffffffff</value>
      </symbol>
      <symbol id="sm-6d">
         <name>launchpad_gpio_init</name>
         <value>0x12c1</value>
         <object_component_ref idref="oc-89"/>
      </symbol>
      <symbol id="sm-6e">
         <name>leds_off</name>
         <value>0x735</value>
         <object_component_ref idref="oc-c7"/>
      </symbol>
      <symbol id="sm-6f">
         <name>led_config_data</name>
         <value>0x1510</value>
         <object_component_ref idref="oc-ca"/>
      </symbol>
      <symbol id="sm-70">
         <name>led_disable</name>
         <value>0x1499</value>
         <object_component_ref idref="oc-d9"/>
      </symbol>
      <symbol id="sm-71">
         <name>seg7_init</name>
         <value>0x379</value>
         <object_component_ref idref="oc-8e"/>
      </symbol>
      <symbol id="sm-72">
         <name>seg7_off</name>
         <value>0xf99</value>
         <object_component_ref idref="oc-c8"/>
      </symbol>
      <symbol id="sm-73">
         <name>enable_controls</name>
         <value>0x1570</value>
         <object_component_ref idref="oc-c9"/>
      </symbol>
      <symbol id="sm-74">
         <name>seg7_disable</name>
         <value>0x485</value>
         <object_component_ref idref="oc-da"/>
      </symbol>
      <symbol id="sm-75">
         <name>dipsw_init</name>
         <value>0x1135</value>
         <object_component_ref idref="oc-8f"/>
      </symbol>
      <symbol id="sm-76">
         <name>dip_switch_config_data</name>
         <value>0x15ac</value>
         <object_component_ref idref="oc-cb"/>
      </symbol>
      <symbol id="sm-77">
         <name>is_pb_down</name>
         <value>0xbbd</value>
         <object_component_ref idref="oc-d7"/>
      </symbol>
      <symbol id="sm-78">
         <name>is_pb_up</name>
         <value>0xc59</value>
         <object_component_ref idref="oc-d8"/>
      </symbol>
      <symbol id="sm-79">
         <name>keypad_init</name>
         <value>0x665</value>
         <object_component_ref idref="oc-97"/>
      </symbol>
      <symbol id="sm-7a">
         <name>kp_col_config_data</name>
         <value>0x15dc</value>
         <object_component_ref idref="oc-d3"/>
      </symbol>
      <symbol id="sm-7b">
         <name>kp_row_config_data</name>
         <value>0x160c</value>
         <object_component_ref idref="oc-d4"/>
      </symbol>
      <symbol id="sm-7c">
         <name>read_keyrow_data</name>
         <value>0xb11</value>
         <object_component_ref idref="oc-fc"/>
      </symbol>
      <symbol id="sm-7d">
         <name>write_keycol_data</name>
         <value>0x589</value>
         <object_component_ref idref="oc-fb"/>
      </symbol>
      <symbol id="sm-7e">
         <name>keypad_scan</name>
         <value>0xe19</value>
         <object_component_ref idref="oc-e2"/>
      </symbol>
      <symbol id="sm-7f">
         <name>keycodes</name>
         <value>0x20200800</value>
         <object_component_ref idref="oc-fd"/>
      </symbol>
      <symbol id="sm-80">
         <name>wait_no_key_pressed</name>
         <value>0x1449</value>
         <object_component_ref idref="oc-ff"/>
      </symbol>
      <symbol id="sm-81">
         <name>I2C_init</name>
         <value>0xa55</value>
         <object_component_ref idref="oc-90"/>
      </symbol>
      <symbol id="sm-82">
         <name>iic_config_data</name>
         <value>0x163c</value>
         <object_component_ref idref="oc-cc"/>
      </symbol>
      <symbol id="sm-83">
         <name>I2C_send1</name>
         <value>0xcf5</value>
         <object_component_ref idref="oc-cd"/>
      </symbol>
      <symbol id="sm-94">
         <name>g_bus_clock_freq</name>
         <value>0x20200810</value>
         <object_component_ref idref="oc-c1"/>
      </symbol>
      <symbol id="sm-95">
         <name>clock_init_40mhz</name>
         <value>0xc1</value>
         <object_component_ref idref="oc-84"/>
      </symbol>
      <symbol id="sm-96">
         <name>clock_delay</name>
         <value>0x14d1</value>
         <object_component_ref idref="oc-c4"/>
      </symbol>
      <symbol id="sm-97">
         <name>msec_delay</name>
         <value>0x1331</value>
         <object_component_ref idref="oc-ce"/>
      </symbol>
      <symbol id="sm-b8">
         <name>main</name>
         <value>0x10d9</value>
         <object_component_ref idref="oc-6b"/>
      </symbol>
      <symbol id="sm-b9">
         <name>run_lab6_part1</name>
         <value>0x1181</value>
         <object_component_ref idref="oc-99"/>
      </symbol>
      <symbol id="sm-ba">
         <name>pushButton_release</name>
         <value>0x1247</value>
         <object_component_ref idref="oc-9a"/>
      </symbol>
      <symbol id="sm-bb">
         <name>run_lab6_part2</name>
         <value>0xd89</value>
         <object_component_ref idref="oc-9b"/>
      </symbol>
      <symbol id="sm-bc">
         <name>run_lab6_part3</name>
         <value>0x805</value>
         <object_component_ref idref="oc-9c"/>
      </symbol>
      <symbol id="sm-bd">
         <name>run_lab6_part4</name>
         <value>0x229</value>
         <object_component_ref idref="oc-9d"/>
      </symbol>
      <symbol id="sm-be">
         <name>padPress</name>
         <value>0x12f9</value>
         <object_component_ref idref="oc-e3"/>
      </symbol>
      <symbol id="sm-e6">
         <name>lcd1602_init</name>
         <value>0x8d1</value>
         <object_component_ref idref="oc-91"/>
      </symbol>
      <symbol id="sm-e7">
         <name>lcd1602_write</name>
         <value>0x995</value>
         <object_component_ref idref="oc-cf"/>
      </symbol>
      <symbol id="sm-e8">
         <name>lcd_set_display_on</name>
         <value>0x1429</value>
         <object_component_ref idref="oc-d0"/>
      </symbol>
      <symbol id="sm-e9">
         <name>lcd_set_ddram_addr</name>
         <value>0x1409</value>
         <object_component_ref idref="oc-d6"/>
      </symbol>
      <symbol id="sm-ea">
         <name>lcd_write_char</name>
         <value>0x1481</value>
         <object_component_ref idref="oc-d5"/>
      </symbol>
      <symbol id="sm-eb">
         <name>lcd_write_string</name>
         <value>0x13e5</value>
         <object_component_ref idref="oc-98"/>
      </symbol>
      <symbol id="sm-ec">
         <name>lcd_clear</name>
         <value>0x14e1</value>
         <object_component_ref idref="oc-96"/>
      </symbol>
      <symbol id="sm-ed">
         <name>hex_to_ascii</name>
         <value>0x1209</value>
         <object_component_ref idref="oc-10f"/>
      </symbol>
      <symbol id="sm-ee">
         <name>hex_to_lcd</name>
         <value>0x1467</value>
         <object_component_ref idref="oc-fe"/>
      </symbol>
      <symbol id="sm-ef">
         <name>byte_to_ascii</name>
         <value>0xea1</value>
         <object_component_ref idref="oc-fa"/>
      </symbol>
      <symbol id="sm-f0">
         <name>quadbyte_to_ascii</name>
         <value>0x100d</value>
         <object_component_ref idref="oc-f9"/>
      </symbol>
      <symbol id="sm-f1">
         <name>lcd_write_byte</name>
         <value>0x1395</value>
         <object_component_ref idref="oc-dc"/>
      </symbol>
      <symbol id="sm-f2">
         <name>lcd_write_quadbyte</name>
         <value>0x1365</value>
         <object_component_ref idref="oc-db"/>
      </symbol>
      <symbol id="sm-101">
         <name>Default_Handler</name>
         <value>0x14f9</value>
         <object_component_ref idref="oc-35"/>
      </symbol>
      <symbol id="sm-102">
         <name>Reset_Handler</name>
         <value>0x1501</value>
         <object_component_ref idref="oc-31"/>
      </symbol>
      <symbol id="sm-103">
         <name>HardFault_Handler</name>
         <value>0x14fd</value>
         <object_component_ref idref="oc-36"/>
      </symbol>
      <symbol id="sm-104">
         <name>interruptVectors</name>
         <value>0x0</value>
         <object_component_ref idref="oc-18"/>
      </symbol>
      <symbol id="sm-105">
         <name>NMI_Handler</name>
         <value>0x14f9</value>
         <object_component_ref idref="oc-35"/>
      </symbol>
      <symbol id="sm-106">
         <name>SVC_Handler</name>
         <value>0x14f9</value>
         <object_component_ref idref="oc-35"/>
      </symbol>
      <symbol id="sm-107">
         <name>PendSV_Handler</name>
         <value>0x14f9</value>
         <object_component_ref idref="oc-35"/>
      </symbol>
      <symbol id="sm-108">
         <name>SysTick_Handler</name>
         <value>0x14f9</value>
         <object_component_ref idref="oc-35"/>
      </symbol>
      <symbol id="sm-109">
         <name>GROUP0_IRQHandler</name>
         <value>0x14f9</value>
         <object_component_ref idref="oc-35"/>
      </symbol>
      <symbol id="sm-10a">
         <name>GROUP1_IRQHandler</name>
         <value>0x14f9</value>
         <object_component_ref idref="oc-35"/>
      </symbol>
      <symbol id="sm-10b">
         <name>TIMG8_IRQHandler</name>
         <value>0x14f9</value>
         <object_component_ref idref="oc-35"/>
      </symbol>
      <symbol id="sm-10c">
         <name>UART3_IRQHandler</name>
         <value>0x14f9</value>
         <object_component_ref idref="oc-35"/>
      </symbol>
      <symbol id="sm-10d">
         <name>ADC0_IRQHandler</name>
         <value>0x14f9</value>
         <object_component_ref idref="oc-35"/>
      </symbol>
      <symbol id="sm-10e">
         <name>ADC1_IRQHandler</name>
         <value>0x14f9</value>
         <object_component_ref idref="oc-35"/>
      </symbol>
      <symbol id="sm-10f">
         <name>CANFD0_IRQHandler</name>
         <value>0x14f9</value>
         <object_component_ref idref="oc-35"/>
      </symbol>
      <symbol id="sm-110">
         <name>DAC0_IRQHandler</name>
         <value>0x14f9</value>
         <object_component_ref idref="oc-35"/>
      </symbol>
      <symbol id="sm-111">
         <name>SPI0_IRQHandler</name>
         <value>0x14f9</value>
         <object_component_ref idref="oc-35"/>
      </symbol>
      <symbol id="sm-112">
         <name>SPI1_IRQHandler</name>
         <value>0x14f9</value>
         <object_component_ref idref="oc-35"/>
      </symbol>
      <symbol id="sm-113">
         <name>UART1_IRQHandler</name>
         <value>0x14f9</value>
         <object_component_ref idref="oc-35"/>
      </symbol>
      <symbol id="sm-114">
         <name>UART2_IRQHandler</name>
         <value>0x14f9</value>
         <object_component_ref idref="oc-35"/>
      </symbol>
      <symbol id="sm-115">
         <name>UART0_IRQHandler</name>
         <value>0x14f9</value>
         <object_component_ref idref="oc-35"/>
      </symbol>
      <symbol id="sm-116">
         <name>TIMG0_IRQHandler</name>
         <value>0x14f9</value>
         <object_component_ref idref="oc-35"/>
      </symbol>
      <symbol id="sm-117">
         <name>TIMG6_IRQHandler</name>
         <value>0x14f9</value>
         <object_component_ref idref="oc-35"/>
      </symbol>
      <symbol id="sm-118">
         <name>TIMA0_IRQHandler</name>
         <value>0x14f9</value>
         <object_component_ref idref="oc-35"/>
      </symbol>
      <symbol id="sm-119">
         <name>TIMA1_IRQHandler</name>
         <value>0x14f9</value>
         <object_component_ref idref="oc-35"/>
      </symbol>
      <symbol id="sm-11a">
         <name>TIMG7_IRQHandler</name>
         <value>0x14f9</value>
         <object_component_ref idref="oc-35"/>
      </symbol>
      <symbol id="sm-11b">
         <name>TIMG12_IRQHandler</name>
         <value>0x14f9</value>
         <object_component_ref idref="oc-35"/>
      </symbol>
      <symbol id="sm-11c">
         <name>I2C0_IRQHandler</name>
         <value>0x14f9</value>
         <object_component_ref idref="oc-35"/>
      </symbol>
      <symbol id="sm-11d">
         <name>I2C1_IRQHandler</name>
         <value>0x14f9</value>
         <object_component_ref idref="oc-35"/>
      </symbol>
      <symbol id="sm-11e">
         <name>AES_IRQHandler</name>
         <value>0x14f9</value>
         <object_component_ref idref="oc-35"/>
      </symbol>
      <symbol id="sm-11f">
         <name>RTC_IRQHandler</name>
         <value>0x14f9</value>
         <object_component_ref idref="oc-35"/>
      </symbol>
      <symbol id="sm-120">
         <name>DMA_IRQHandler</name>
         <value>0x14f9</value>
         <object_component_ref idref="oc-35"/>
      </symbol>
      <symbol id="sm-121">
         <name>__TI_ATRegion0_src_addr</name>
         <value>0x0</value>
      </symbol>
      <symbol id="sm-122">
         <name>__TI_ATRegion0_trg_addr</name>
         <value>0x0</value>
      </symbol>
      <symbol id="sm-123">
         <name>__TI_ATRegion0_region_sz</name>
         <value>0x0</value>
      </symbol>
      <symbol id="sm-124">
         <name>__TI_ATRegion1_src_addr</name>
         <value>0x0</value>
      </symbol>
      <symbol id="sm-125">
         <name>__TI_ATRegion1_trg_addr</name>
         <value>0x0</value>
      </symbol>
      <symbol id="sm-126">
         <name>__TI_ATRegion1_region_sz</name>
         <value>0x0</value>
      </symbol>
      <symbol id="sm-127">
         <name>__TI_ATRegion2_src_addr</name>
         <value>0x0</value>
      </symbol>
      <symbol id="sm-128">
         <name>__TI_ATRegion2_trg_addr</name>
         <value>0x0</value>
      </symbol>
      <symbol id="sm-129">
         <name>__TI_ATRegion2_region_sz</name>
         <value>0x0</value>
      </symbol>
      <symbol id="sm-136">
         <name>_sys_memory</name>
         <value>0x20200000</value>
         <object_component_ref idref="oc-2f"/>
      </symbol>
      <symbol id="sm-140">
         <name>__TI_decompress_none</name>
         <value>0x14bf</value>
         <object_component_ref idref="oc-20"/>
      </symbol>
      <symbol id="sm-14b">
         <name>__TI_decompress_lzss</name>
         <value>0xf1d</value>
         <object_component_ref idref="oc-1c"/>
      </symbol>
      <symbol id="sm-156">
         <name>_c_int00_noargs</name>
         <value>0x13bd</value>
         <object_component_ref idref="oc-52"/>
      </symbol>
      <symbol id="sm-157">
         <name>__stack</name>
         <value>0x20207e00</value>
         <object_component_ref idref="oc-1a"/>
      </symbol>
      <symbol id="sm-167">
         <name>abort</name>
         <value>0x1509</value>
         <object_component_ref idref="oc-a1"/>
      </symbol>
      <symbol id="sm-168">
         <name>C$$EXIT</name>
         <value>0x1508</value>
         <object_component_ref idref="oc-a1"/>
      </symbol>
      <symbol id="sm-175">
         <name>__TI_auto_init_nobinit_nopinit</name>
         <value>0x1285</value>
         <object_component_ref idref="oc-a8"/>
      </symbol>
      <symbol id="sm-17d">
         <name>_system_pre_init</name>
         <value>0x1505</value>
         <object_component_ref idref="oc-67"/>
      </symbol>
      <symbol id="sm-19d">
         <name>__aeabi_memcpy</name>
         <value>0x14f1</value>
         <object_component_ref idref="oc-42"/>
      </symbol>
      <symbol id="sm-19e">
         <name>__aeabi_memcpy4</name>
         <value>0x14f1</value>
         <object_component_ref idref="oc-42"/>
      </symbol>
      <symbol id="sm-19f">
         <name>__aeabi_memcpy8</name>
         <value>0x14f1</value>
         <object_component_ref idref="oc-42"/>
      </symbol>
      <symbol id="sm-1a5">
         <name>__aeabi_uidiv</name>
         <value>0x11c9</value>
         <object_component_ref idref="oc-f4"/>
      </symbol>
      <symbol id="sm-1a6">
         <name>__aeabi_uidivmod</name>
         <value>0x11c9</value>
         <object_component_ref idref="oc-f4"/>
      </symbol>
      <symbol id="sm-1b1">
         <name>__aeabi_idiv0</name>
         <value>0x1283</value>
         <object_component_ref idref="oc-109"/>
      </symbol>
      <symbol id="sm-1bb">
         <name>TI_memcpy_small</name>
         <value>0x14ad</value>
         <object_component_ref idref="oc-7a"/>
      </symbol>
      <symbol id="sm-1bc">
         <name>__TI_static_base__</name>
         <value>0x0</value>
      </symbol>
      <symbol id="sm-1bf">
         <name>__mpu_init</name>
         <value>0x0</value>
      </symbol>
      <symbol id="sm-1c0">
         <name>_system_post_cinit</name>
         <value>0x0</value>
      </symbol>
   </symbol_table>
   <title>Link successful</title>
</link_info>
